Image loaded successfully!
Original size: 542x500
Renderer: Auto

=== RENDERED OUTPUT ===
[38;2;203;204;202m[48;2;203;204;202m▀[0m[38;2;203;204;202m[48;2;203;204;202m▀[0m[38;2;203;204;202m[48;2;203;204;202m▀[0m[38;2;202;203;201m[48;2;202;203;201m▀[0m[38;2;201;202;200m[48;2;202;203;201m▀[0m[38;2;200;201;199m[48;2;201;202;200m▀[0m[38;2;200;201;199m[48;2;200;201;199m▀[0m[38;2;199;200;198m[48;2;199;200;198m▀[0m[38;2;198;199;197m[48;2;199;200;198m▀[0m[38;2;204;205;203m[48;2;204;205;203m▀[0m[38;2;204;205;203m[48;2;204;205;203m▀[0m[38;2;204;205;203m[48;2;204;205;203m▀[0m[38;2;203;204;202m[48;2;203;204;202m▀[0m[38;2;203;204;202m[48;2;203;204;202m▀[0m[38;2;202;203;201m[48;2;202;203;201m▀[0m[38;2;202;203;201m[48;2;202;203;201m▀[0m[38;2;202;203;201m[48;2;202;203;201m▀[0m[38;2;203;203;203m[48;2;203;203;203m▀[0m[38;2;203;203;203m[48;2;203;203;203m▀[0m[38;2;203;203;203m[48;2;203;203;203m▀[0m[38;2;203;203;203m[48;2;203;203;203m▀[0m[38;2;203;203;203m[48;2;203;203;203m▀[0m[38;2;203;203;203m[48;2;203;203;203m▀[0m[38;2;203;203;203m[48;2;203;203;203m▀[0m[38;2;203;203;203m[48;2;203;203;203m▀[0m[38;2;203;203;203m[48;2;203;203;203m▀[0m[38;2;203;203;203m[48;2;203;203;203m▀[0m[38;2;203;203;203m[48;2;203;203;203m▀[0m[38;2;203;203;203m[48;2;203;203;203m▀[0m[38;2;203;203;203m[48;2;203;203;203m▀[0m[38;2;203;203;203m[48;2;203;203;203m▀[0m[38;2;203;203;203m[48;2;203;203;203m▀[0m[38;2;203;203;203m[48;2;203;203;203m▀[0m[38;2;203;203;203m[48;2;203;203;203m▀[0m[38;2;203;204;202m[48;2;203;204;202m▀[0m[38;2;203;204;202m[48;2;203;204;202m▀[0m[38;2;203;204;202m[48;2;203;204;202m▀[0m[38;2;203;204;202m[48;2;203;204;202m▀[0m[38;2;203;204;202m[48;2;203;204;202m▀[0m[38;2;203;204;202m[48;2;203;204;202m▀[0m[38;2;203;204;202m[48;2;203;204;202m▀[0m[38;2;203;204;202m[48;2;203;204;202m▀[0m[38;2;203;204;202m[48;2;203;204;202m▀[0m[38;2;203;204;202m[48;2;203;204;202m▀[0m[38;2;202;203;201m[48;2;202;203;201m▀[0m[38;2;201;202;200m[48;2;202;203;201m▀[0m[38;2;200;201;199m[48;2;201;202;200m▀[0m[38;2;200;201;199m[48;2;200;201;199m▀[0m[38;2;199;200;198m[48;2;199;200;198m▀[0m[38;2;198;199;197m[48;2;199;200;198m▀[0m[38;2;203;204;202m[48;2;203;204;202m▀[0m[38;2;203;204;202m[48;2;203;204;202m▀[0m[38;2;203;204;202m[48;2;203;204;202m▀[0m[38;2;203;204;202m[48;2;203;204;202m▀[0m[38;2;204;205;203m[48;2;204;205;203m▀[0m[38;2;204;205;203m[48;2;204;205;203m▀[0m[38;2;205;206;204m[48;2;205;206;204m▀[0m[38;2;205;206;204m[48;2;205;206;204m▀[0m[38;2;205;206;204m[48;2;205;206;204m▀[0m[38;2;203;204;202m[48;2;203;204;202m▀[0m[38;2;203;204;202m[48;2;203;204;202m▀[0m[38;2;203;204;202m[48;2;203;204;202m▀[0m[38;2;203;204;202m[48;2;203;204;202m▀[0m[38;2;203;204;202m[48;2;203;204;202m▀[0m[38;2;203;204;202m[48;2;203;204;202m▀[0m[38;2;203;204;202m[48;2;203;204;202m▀[0m[38;2;203;204;202m[48;2;203;204;202m▀[0m[38;2;204;206;204m[48;2;204;206;204m▀[0m[38;2;202;204;202m[48;2;202;204;202m▀[0m[38;2;200;202;200m[48;2;200;202;200m▀[0m[38;2;199;201;199m[48;2;199;201;199m▀[0m[38;2;199;201;199m[48;2;199;201;199m▀[0m[38;2;198;200;198m[48;2;198;200;198m▀[0m[38;2;196;198;196m[48;2;196;198;196m▀[0m[38;2;194;196;193m[48;2;193;195;192m▀[0m[38;2;191;193;190m[48;2;190;192;189m▀[0m
[38;2;203;204;202m[48;2;203;204;202m▀[0m[38;2;203;204;202m[48;2;203;204;202m▀[0m[38;2;203;204;202m[48;2;203;204;202m▀[0m[38;2;202;203;201m[48;2;203;204;202m▀[0m[38;2;202;203;201m[48;2;202;203;201m▀[0m[38;2;201;202;200m[48;2;202;203;201m▀[0m[38;2;200;201;199m[48;2;201;202;200m▀[0m[38;2;200;201;199m[48;2;201;202;200m▀[0m[38;2;200;201;199m[48;2;200;201;199m▀[0m[38;2;204;205;203m[48;2;203;204;202m▀[0m[38;2;204;205;203m[48;2;203;204;202m▀[0m[38;2;203;204;202m[48;2;203;204;202m▀[0m[38;2;203;204;202m[48;2;203;204;202m▀[0m[38;2;203;204;202m[48;2;203;204;202m▀[0m[38;2;203;204;202m[48;2;203;204;202m▀[0m[38;2;202;203;201m[48;2;203;204;202m▀[0m[38;2;202;203;201m[48;2;203;204;202m▀[0m[38;2;203;203;203m[48;2;203;203;203m▀[0m[38;2;203;203;203m[48;2;203;203;203m▀[0m[38;2;203;203;203m[48;2;203;203;203m▀[0m[38;2;203;203;203m[48;2;203;203;203m▀[0m[38;2;203;203;203m[48;2;203;203;203m▀[0m[38;2;203;203;203m[48;2;203;203;203m▀[0m[38;2;203;203;203m[48;2;203;203;203m▀[0m[38;2;203;203;203m[48;2;203;203;203m▀[0m[38;2;203;203;203m[48;2;203;203;203m▀[0m[38;2;203;203;203m[48;2;203;203;203m▀[0m[38;2;203;203;203m[48;2;203;203;203m▀[0m[38;2;203;203;203m[48;2;203;203;203m▀[0m[38;2;203;203;203m[48;2;203;203;203m▀[0m[38;2;203;203;203m[48;2;203;203;203m▀[0m[38;2;203;203;203m[48;2;203;203;203m▀[0m[38;2;203;203;203m[48;2;203;203;203m▀[0m[38;2;203;203;203m[48;2;203;203;203m▀[0m[38;2;203;204;202m[48;2;203;204;202m▀[0m[38;2;203;204;202m[48;2;203;204;202m▀[0m[38;2;203;204;202m[48;2;203;204;202m▀[0m[38;2;203;204;202m[48;2;203;204;202m▀[0m[38;2;203;204;202m[48;2;203;204;202m▀[0m[38;2;203;204;202m[48;2;203;204;202m▀[0m[38;2;203;204;202m[48;2;203;204;202m▀[0m[38;2;203;204;202m[48;2;203;204;202m▀[0m[38;2;203;204;202m[48;2;203;204;202m▀[0m[38;2;203;204;202m[48;2;203;204;202m▀[0m[38;2;202;203;201m[48;2;203;204;202m▀[0m[38;2;202;203;201m[48;2;202;203;201m▀[0m[38;2;201;202;200m[48;2;202;203;201m▀[0m[38;2;200;201;199m[48;2;201;202;200m▀[0m[38;2;200;201;199m[48;2;201;202;200m▀[0m[38;2;200;201;199m[48;2;200;201;199m▀[0m[38;2;203;204;202m[48;2;203;204;202m▀[0m[38;2;203;204;202m[48;2;203;204;202m▀[0m[38;2;203;204;202m[48;2;203;204;202m▀[0m[38;2;203;204;202m[48;2;203;204;202m▀[0m[38;2;203;204;202m[48;2;203;204;202m▀[0m[38;2;204;205;203m[48;2;203;204;202m▀[0m[38;2;204;205;203m[48;2;203;204;202m▀[0m[38;2;204;205;203m[48;2;203;204;202m▀[0m[38;2;204;205;203m[48;2;203;204;202m▀[0m[38;2;203;204;202m[48;2;203;204;202m▀[0m[38;2;203;204;202m[48;2;203;204;202m▀[0m[38;2;203;204;202m[48;2;203;204;202m▀[0m[38;2;203;204;202m[48;2;203;204;202m▀[0m[38;2;203;204;202m[48;2;203;204;202m▀[0m[38;2;203;204;202m[48;2;203;204;202m▀[0m[38;2;203;204;202m[48;2;203;204;202m▀[0m[38;2;203;204;202m[48;2;203;204;202m▀[0m[38;2;204;206;204m[48;2;203;205;203m▀[0m[38;2;201;203;201m[48;2;201;203;201m▀[0m[38;2;199;201;199m[48;2;198;200;198m▀[0m[38;2;198;200;198m[48;2;197;199;197m▀[0m[38;2;198;200;198m[48;2;197;199;197m▀[0m[38;2;197;199;197m[48;2;196;198;196m▀[0m[38;2;195;197;194m[48;2;194;196;193m▀[0m[38;2;193;195;192m[48;2;192;194;191m▀[0m[38;2;189;191;188m[48;2;188;190;187m▀[0m
[38;2;203;204;202m[48;2;203;204;202m▀[0m[38;2;203;204;202m[48;2;203;204;202m▀[0m[38;2;203;204;202m[48;2;203;204;202m▀[0m[38;2;203;204;202m[48;2;203;204;202m▀[0m[38;2;202;203;201m[48;2;203;204;202m▀[0m[38;2;202;203;201m[48;2;203;204;202m▀[0m[38;2;202;203;201m[48;2;202;203;201m▀[0m[38;2;202;203;201m[48;2;202;203;201m▀[0m[38;2;201;202;200m[48;2;202;203;201m▀[0m[38;2;203;204;202m[48;2;202;203;201m▀[0m[38;2;203;204;202m[48;2;202;203;201m▀[0m[38;2;203;204;202m[48;2;203;204;202m▀[0m[38;2;203;204;202m[48;2;203;204;202m▀[0m[38;2;203;204;202m[48;2;203;204;202m▀[0m[38;2;203;204;202m[48;2;203;204;202m▀[0m[38;2;203;204;202m[48;2;204;205;203m▀[0m[38;2;203;204;202m[48;2;204;205;203m▀[0m[38;2;203;203;203m[48;2;203;203;203m▀[0m[38;2;203;203;203m[48;2;203;203;203m▀[0m[38;2;203;203;203m[48;2;203;203;203m▀[0m[38;2;203;203;203m[48;2;203;203;203m▀[0m[38;2;203;203;203m[48;2;203;203;203m▀[0m[38;2;203;203;203m[48;2;203;203;203m▀[0m[38;2;203;203;203m[48;2;203;203;203m▀[0m[38;2;203;203;203m[48;2;203;203;203m▀[0m[38;2;203;203;203m[48;2;203;203;203m▀[0m[38;2;203;203;203m[48;2;203;203;203m▀[0m[38;2;203;203;203m[48;2;203;203;203m▀[0m[38;2;203;203;203m[48;2;203;203;203m▀[0m[38;2;203;203;203m[48;2;203;203;203m▀[0m[38;2;203;203;203m[48;2;203;203;203m▀[0m[38;2;203;203;203m[48;2;203;203;203m▀[0m[38;2;203;203;203m[48;2;203;203;203m▀[0m[38;2;203;203;203m[48;2;203;203;203m▀[0m[38;2;203;204;202m[48;2;203;204;202m▀[0m[38;2;203;204;202m[48;2;203;204;202m▀[0m[38;2;203;204;202m[48;2;203;204;202m▀[0m[38;2;203;204;202m[48;2;203;204;202m▀[0m[38;2;203;204;202m[48;2;203;204;202m▀[0m[38;2;203;204;202m[48;2;203;204;202m▀[0m[38;2;203;204;202m[48;2;203;204;202m▀[0m[38;2;203;204;202m[48;2;203;204;202m▀[0m[38;2;203;204;202m[48;2;203;204;202m▀[0m[38;2;203;204;202m[48;2;203;204;202m▀[0m[38;2;203;204;202m[48;2;203;204;202m▀[0m[38;2;202;203;201m[48;2;203;204;202m▀[0m[38;2;202;203;201m[48;2;203;204;202m▀[0m[38;2;202;203;201m[48;2;202;203;201m▀[0m[38;2;202;203;201m[48;2;202;203;201m▀[0m[38;2;201;202;200m[48;2;202;203;201m▀[0m[38;2;203;204;202m[48;2;203;204;202m▀[0m[38;2;203;204;202m[48;2;203;204;202m▀[0m[38;2;203;204;202m[48;2;203;204;202m▀[0m[38;2;203;204;202m[48;2;203;204;202m▀[0m[38;2;203;204;202m[48;2;203;204;202m▀[0m[38;2;203;204;202m[48;2;202;203;201m▀[0m[38;2;203;204;202m[48;2;202;203;201m▀[0m[38;2;203;204;202m[48;2;202;203;201m▀[0m[38;2;203;204;202m[48;2;202;203;201m▀[0m[38;2;203;204;202m[48;2;203;204;202m▀[0m[38;2;203;204;202m[48;2;203;204;202m▀[0m[38;2;203;204;202m[48;2;203;204;202m▀[0m[38;2;203;204;202m[48;2;203;204;202m▀[0m[38;2;203;204;202m[48;2;203;204;202m▀[0m[38;2;203;204;202m[48;2;203;204;202m▀[0m[38;2;203;204;202m[48;2;203;204;202m▀[0m[38;2;203;204;202m[48;2;203;204;202m▀[0m[38;2;202;204;202m[48;2;201;203;201m▀[0m[38;2;200;202;200m[48;2;199;201;199m▀[0m[38;2;198;200;198m[48;2;197;199;197m▀[0m[38;2;197;199;197m[48;2;196;198;196m▀[0m[38;2;197;199;197m[48;2;196;198;196m▀[0m[38;2;196;198;196m[48;2;195;197;194m▀[0m[38;2;193;195;192m[48;2;193;195;192m▀[0m[38;2;191;193;190m[48;2;190;192;189m▀[0m[38;2;186;188;185m[48;2;185;187;184m▀[0m
[38;2;203;204;202m[48;2;203;204;202m▀[0m[38;2;203;204;202m[48;2;203;204;202m▀[0m[38;2;203;204;202m[48;2;203;204;202m▀[0m[38;2;203;204;202m[48;2;203;204;202m▀[0m[38;2;203;204;202m[48;2;203;204;202m▀[0m[38;2;203;204;202m[48;2;203;204;202m▀[0m[38;2;203;204;202m[48;2;203;204;202m▀[0m[38;2;203;204;202m[48;2;203;204;202m▀[0m[38;2;203;204;202m[48;2;203;204;202m▀[0m[38;2;202;203;201m[48;2;202;203;201m▀[0m[38;2;202;203;201m[48;2;202;203;201m▀[0m[38;2;202;203;201m[48;2;202;203;201m▀[0m[38;2;203;204;202m[48;2;203;204;202m▀[0m[38;2;203;204;202m[48;2;203;204;202m▀[0m[38;2;204;205;203m[48;2;204;205;203m▀[0m[38;2;204;205;203m[48;2;204;205;203m▀[0m[38;2;204;205;203m[48;2;204;205;203m▀[0m[38;2;203;203;203m[48;2;203;203;203m▀[0m[38;2;203;203;203m[48;2;203;203;203m▀[0m[38;2;203;203;203m[48;2;203;203;203m▀[0m[38;2;203;203;203m[48;2;203;203;203m▀[0m[38;2;203;203;203m[48;2;203;203;203m▀[0m[38;2;203;203;203m[48;2;203;203;203m▀[0m[38;2;203;203;203m[48;2;203;203;203m▀[0m[38;2;203;203;203m[48;2;203;203;203m▀[0m[38;2;203;203;203m[48;2;203;203;203m▀[0m[38;2;203;203;203m[48;2;203;203;203m▀[0m[38;2;203;203;203m[48;2;203;203;203m▀[0m[38;2;203;203;203m[48;2;203;203;203m▀[0m[38;2;203;203;203m[48;2;203;203;203m▀[0m[38;2;203;203;203m[48;2;203;203;203m▀[0m[38;2;203;203;203m[48;2;203;203;203m▀[0m[38;2;203;203;203m[48;2;203;203;203m▀[0m[38;2;203;203;203m[48;2;203;203;203m▀[0m[38;2;203;204;202m[48;2;203;204;202m▀[0m[38;2;203;204;202m[48;2;203;204;202m▀[0m[38;2;203;204;202m[48;2;203;204;202m▀[0m[38;2;203;204;202m[48;2;203;204;202m▀[0m[38;2;203;204;202m[48;2;203;204;202m▀[0m[38;2;203;204;202m[48;2;203;204;202m▀[0m[38;2;203;204;202m[48;2;203;204;202m▀[0m[38;2;203;204;202m[48;2;203;204;202m▀[0m[38;2;203;204;202m[48;2;203;204;202m▀[0m[38;2;203;204;202m[48;2;203;204;202m▀[0m[38;2;203;204;202m[48;2;203;204;202m▀[0m[38;2;203;204;202m[48;2;203;204;202m▀[0m[38;2;203;204;202m[48;2;203;204;202m▀[0m[38;2;203;204;202m[48;2;203;204;202m▀[0m[38;2;203;204;202m[48;2;203;204;202m▀[0m[38;2;203;204;202m[48;2;203;204;202m▀[0m[38;2;203;204;202m[48;2;203;204;202m▀[0m[38;2;203;204;202m[48;2;203;204;202m▀[0m[38;2;203;204;202m[48;2;203;204;202m▀[0m[38;2;203;204;202m[48;2;203;204;202m▀[0m[38;2;202;203;201m[48;2;202;203;201m▀[0m[38;2;202;203;201m[48;2;202;203;201m▀[0m[38;2;201;202;200m[48;2;201;202;200m▀[0m[38;2;201;202;200m[48;2;201;202;200m▀[0m[38;2;201;202;200m[48;2;201;202;200m▀[0m[38;2;203;204;202m[48;2;203;204;202m▀[0m[38;2;203;204;202m[48;2;203;204;202m▀[0m[38;2;203;204;202m[48;2;203;204;202m▀[0m[38;2;203;204;202m[48;2;203;204;202m▀[0m[38;2;203;204;202m[48;2;203;204;202m▀[0m[38;2;203;204;202m[48;2;203;204;202m▀[0m[38;2;203;204;202m[48;2;203;204;202m▀[0m[38;2;203;204;202m[48;2;203;204;202m▀[0m[38;2;201;203;201m[48;2;200;202;200m▀[0m[38;2;198;200;198m[48;2;198;200;198m▀[0m[38;2;196;198;196m[48;2;196;198;196m▀[0m[38;2;195;197;194m[48;2;195;197;194m▀[0m[38;2;195;197;194m[48;2;195;197;194m▀[0m[38;2;194;196;193m[48;2;194;196;193m▀[0m[38;2;192;194;191m[48;2;192;194;191m▀[0m[38;2;190;192;189m[48;2;190;192;189m▀[0m[38;2;184;186;183m[48;2;184;186;183m▀[0m
[38;2;200;201;199m[48;2;200;201;199m▀[0m[38;2;200;201;199m[48;2;200;201;199m▀[0m[38;2;200;201;199m[48;2;200;201;199m▀[0m[38;2;200;201;199m[48;2;200;201;199m▀[0m[38;2;200;201;199m[48;2;200;201;199m▀[0m[38;2;200;201;199m[48;2;200;201;199m▀[0m[38;2;200;201;199m[48;2;200;201;199m▀[0m[38;2;200;201;199m[48;2;200;201;199m▀[0m[38;2;200;201;199m[48;2;200;201;199m▀[0m[38;2;200;201;199m[48;2;200;201;199m▀[0m[38;2;200;201;199m[48;2;200;201;199m▀[0m[38;2;200;201;199m[48;2;200;201;199m▀[0m[38;2;200;201;199m[48;2;200;201;199m▀[0m[38;2;200;201;199m[48;2;200;201;199m▀[0m[38;2;200;201;199m[48;2;200;201;199m▀[0m[38;2;200;201;199m[48;2;200;201;199m▀[0m[38;2;200;201;199m[48;2;200;201;199m▀[0m[38;2;200;200;200m[48;2;200;200;200m▀[0m[38;2;200;200;200m[48;2;200;200;200m▀[0m[38;2;200;200;200m[48;2;200;200;200m▀[0m[38;2;200;200;200m[48;2;200;200;200m▀[0m[38;2;200;200;200m[48;2;200;200;200m▀[0m[38;2;200;200;200m[48;2;200;200;200m▀[0m[38;2;200;200;200m[48;2;200;200;200m▀[0m[38;2;200;200;200m[48;2;200;200;200m▀[0m[38;2;202;202;202m[48;2;202;202;202m▀[0m[38;2;202;202;202m[48;2;202;202;202m▀[0m[38;2;202;202;202m[48;2;202;202;202m▀[0m[38;2;202;202;202m[48;2;202;202;202m▀[0m[38;2;202;202;202m[48;2;202;202;202m▀[0m[38;2;202;202;202m[48;2;202;202;202m▀[0m[38;2;202;202;202m[48;2;202;202;202m▀[0m[38;2;202;202;202m[48;2;202;202;202m▀[0m[38;2;202;202;202m[48;2;202;202;202m▀[0m[38;2;200;201;199m[48;2;200;201;199m▀[0m[38;2;200;201;199m[48;2;200;201;199m▀[0m[38;2;200;201;199m[48;2;200;201;199m▀[0m[38;2;200;201;199m[48;2;200;201;199m▀[0m[38;2;200;201;199m[48;2;200;201;199m▀[0m[38;2;200;201;199m[48;2;200;201;199m▀[0m[38;2;200;201;199m[48;2;200;201;199m▀[0m[38;2;200;201;199m[48;2;200;201;199m▀[0m[38;2;201;202;200m[48;2;201;202;200m▀[0m[38;2;201;202;200m[48;2;201;202;200m▀[0m[38;2;201;202;200m[48;2;201;202;200m▀[0m[38;2;201;202;200m[48;2;201;202;200m▀[0m[38;2;201;202;200m[48;2;201;202;200m▀[0m[38;2;201;202;200m[48;2;201;202;200m▀[0m[38;2;201;202;200m[48;2;201;202;200m▀[0m[38;2;201;202;200m[48;2;201;202;200m▀[0m[38;2;201;202;200m[48;2;201;202;200m▀[0m[38;2;201;202;200m[48;2;201;202;200m▀[0m[38;2;201;202;200m[48;2;201;202;200m▀[0m[38;2;201;202;200m[48;2;201;202;200m▀[0m[38;2;201;202;200m[48;2;201;202;200m▀[0m[38;2;201;202;200m[48;2;201;202;200m▀[0m[38;2;201;202;200m[48;2;201;202;200m▀[0m[38;2;201;202;200m[48;2;201;202;200m▀[0m[38;2;201;202;200m[48;2;201;202;200m▀[0m[38;2;203;204;202m[48;2;203;204;202m▀[0m[38;2;203;204;202m[48;2;203;204;202m▀[0m[38;2;203;204;202m[48;2;203;204;202m▀[0m[38;2;203;204;202m[48;2;203;204;202m▀[0m[38;2;203;204;202m[48;2;203;204;202m▀[0m[38;2;203;204;202m[48;2;203;204;202m▀[0m[38;2;203;204;202m[48;2;203;204;202m▀[0m[38;2;203;204;202m[48;2;203;204;202m▀[0m[38;2;198;200;198m[48;2;198;200;198m▀[0m[38;2;197;199;197m[48;2;197;199;197m▀[0m[38;2;196;198;196m[48;2;196;198;196m▀[0m[38;2;196;198;196m[48;2;196;198;196m▀[0m[38;2;196;198;196m[48;2;195;197;194m▀[0m[38;2;193;195;192m[48;2;193;195;192m▀[0m[38;2;190;192;189m[48;2;189;191;188m▀[0m[38;2;186;188;185m[48;2;186;188;185m▀[0m[38;2;181;183;180m[48;2;180;182;179m▀[0m
[38;2;200;201;199m[48;2;200;201;199m▀[0m[38;2;200;201;199m[48;2;200;201;199m▀[0m[38;2;200;201;199m[48;2;200;201;199m▀[0m[38;2;200;201;199m[48;2;200;201;199m▀[0m[38;2;200;201;199m[48;2;200;201;199m▀[0m[38;2;200;201;199m[48;2;200;201;199m▀[0m[38;2;200;201;199m[48;2;200;201;199m▀[0m[38;2;200;201;199m[48;2;200;201;199m▀[0m[38;2;200;201;199m[48;2;200;201;199m▀[0m[38;2;200;201;199m[48;2;200;201;199m▀[0m[38;2;200;201;199m[48;2;200;201;199m▀[0m[38;2;200;201;199m[48;2;200;201;199m▀[0m[38;2;200;201;199m[48;2;200;201;199m▀[0m[38;2;200;201;199m[48;2;200;201;199m▀[0m[38;2;200;201;199m[48;2;200;201;199m▀[0m[38;2;200;201;199m[48;2;200;201;199m▀[0m[38;2;200;201;199m[48;2;200;201;199m▀[0m[38;2;200;200;200m[48;2;200;200;200m▀[0m[38;2;200;200;200m[48;2;200;200;200m▀[0m[38;2;200;200;200m[48;2;200;200;200m▀[0m[38;2;200;200;200m[48;2;200;200;200m▀[0m[38;2;200;200;200m[48;2;200;200;200m▀[0m[38;2;200;200;200m[48;2;200;200;200m▀[0m[38;2;200;200;200m[48;2;200;200;200m▀[0m[38;2;200;200;200m[48;2;200;200;200m▀[0m[38;2;202;202;202m[48;2;201;201;201m▀[0m[38;2;202;202;202m[48;2;201;201;201m▀[0m[38;2;202;202;202m[48;2;201;201;201m▀[0m[38;2;202;202;202m[48;2;201;201;201m▀[0m[38;2;202;202;202m[48;2;201;201;201m▀[0m[38;2;202;202;202m[48;2;201;201;201m▀[0m[38;2;202;202;202m[48;2;201;201;201m▀[0m[38;2;202;202;202m[48;2;201;201;201m▀[0m[38;2;202;202;202m[48;2;201;201;201m▀[0m[38;2;200;201;199m[48;2;200;201;199m▀[0m[38;2;200;201;199m[48;2;200;201;199m▀[0m[38;2;200;201;199m[48;2;200;201;199m▀[0m[38;2;200;201;199m[48;2;200;201;199m▀[0m[38;2;200;201;199m[48;2;200;201;199m▀[0m[38;2;200;201;199m[48;2;200;201;199m▀[0m[38;2;200;201;199m[48;2;200;201;199m▀[0m[38;2;200;201;199m[48;2;200;201;199m▀[0m[38;2;201;202;200m[48;2;200;201;199m▀[0m[38;2;201;202;200m[48;2;200;201;199m▀[0m[38;2;201;202;200m[48;2;200;201;199m▀[0m[38;2;201;202;200m[48;2;200;201;199m▀[0m[38;2;201;202;200m[48;2;200;201;199m▀[0m[38;2;201;202;200m[48;2;200;201;199m▀[0m[38;2;201;202;200m[48;2;200;201;199m▀[0m[38;2;201;202;200m[48;2;200;201;199m▀[0m[38;2;201;202;200m[48;2;201;202;200m▀[0m[38;2;201;202;200m[48;2;201;202;200m▀[0m[38;2;201;202;200m[48;2;201;202;200m▀[0m[38;2;201;202;200m[48;2;201;202;200m▀[0m[38;2;201;202;200m[48;2;201;202;200m▀[0m[38;2;201;202;200m[48;2;201;202;200m▀[0m[38;2;201;202;200m[48;2;201;202;200m▀[0m[38;2;201;202;200m[48;2;201;202;200m▀[0m[38;2;201;202;200m[48;2;201;202;200m▀[0m[38;2;203;204;202m[48;2;202;203;201m▀[0m[38;2;203;204;202m[48;2;202;203;201m▀[0m[38;2;203;204;202m[48;2;202;203;201m▀[0m[38;2;203;204;202m[48;2;202;203;201m▀[0m[38;2;203;204;202m[48;2;202;203;201m▀[0m[38;2;203;204;202m[48;2;202;203;201m▀[0m[38;2;203;204;202m[48;2;202;203;201m▀[0m[38;2;203;204;202m[48;2;202;203;201m▀[0m[38;2;198;200;198m[48;2;198;200;198m▀[0m[38;2;197;199;197m[48;2;197;199;197m▀[0m[38;2;196;198;196m[48;2;195;197;194m▀[0m[38;2;195;197;194m[48;2;194;196;193m▀[0m[38;2;195;197;194m[48;2;194;196;193m▀[0m[38;2;192;194;191m[48;2;191;193;190m▀[0m[38;2;188;190;187m[48;2;187;189;186m▀[0m[38;2;185;187;184m[48;2;184;186;183m▀[0m[38;2;179;181;178m[48;2;178;180;177m▀[0m
[38;2;200;201;199m[48;2;200;201;199m▀[0m[38;2;200;201;199m[48;2;200;201;199m▀[0m[38;2;200;201;199m[48;2;200;201;199m▀[0m[38;2;200;201;199m[48;2;200;201;199m▀[0m[38;2;200;201;199m[48;2;200;201;199m▀[0m[38;2;200;201;199m[48;2;200;201;199m▀[0m[38;2;200;201;199m[48;2;200;201;199m▀[0m[38;2;200;201;199m[48;2;200;201;199m▀[0m[38;2;200;201;199m[48;2;200;201;199m▀[0m[38;2;200;201;199m[48;2;200;201;199m▀[0m[38;2;200;201;199m[48;2;200;201;199m▀[0m[38;2;200;201;199m[48;2;200;201;199m▀[0m[38;2;200;201;199m[48;2;200;201;199m▀[0m[38;2;200;201;199m[48;2;200;201;199m▀[0m[38;2;200;201;199m[48;2;200;201;199m▀[0m[38;2;200;201;199m[48;2;200;201;199m▀[0m[38;2;200;201;199m[48;2;200;201;199m▀[0m[38;2;200;200;200m[48;2;200;200;200m▀[0m[38;2;200;200;200m[48;2;200;200;200m▀[0m[38;2;200;200;200m[48;2;200;200;200m▀[0m[38;2;200;200;200m[48;2;200;200;200m▀[0m[38;2;200;200;200m[48;2;200;200;200m▀[0m[38;2;200;200;200m[48;2;200;200;200m▀[0m[38;2;200;200;200m[48;2;200;200;200m▀[0m[38;2;200;200;200m[48;2;200;200;200m▀[0m[38;2;201;201;201m[48;2;200;200;200m▀[0m[38;2;201;201;201m[48;2;200;200;200m▀[0m[38;2;201;201;201m[48;2;200;200;200m▀[0m[38;2;201;201;201m[48;2;200;200;200m▀[0m[38;2;201;201;201m[48;2;200;200;200m▀[0m[38;2;201;201;201m[48;2;200;200;200m▀[0m[38;2;201;201;201m[48;2;200;200;200m▀[0m[38;2;201;201;201m[48;2;200;200;200m▀[0m[38;2;201;201;201m[48;2;200;200;200m▀[0m[38;2;200;201;199m[48;2;200;201;199m▀[0m[38;2;200;201;199m[48;2;200;201;199m▀[0m[38;2;200;201;199m[48;2;200;201;199m▀[0m[38;2;200;201;199m[48;2;200;201;199m▀[0m[38;2;200;201;199m[48;2;200;201;199m▀[0m[38;2;200;201;199m[48;2;200;201;199m▀[0m[38;2;200;201;199m[48;2;200;201;199m▀[0m[38;2;200;201;199m[48;2;200;201;199m▀[0m[38;2;200;201;199m[48;2;199;200;198m▀[0m[38;2;200;201;199m[48;2;199;200;198m▀[0m[38;2;200;201;199m[48;2;199;200;198m▀[0m[38;2;200;201;199m[48;2;199;200;198m▀[0m[38;2;200;201;199m[48;2;199;200;198m▀[0m[38;2;200;201;199m[48;2;199;200;198m▀[0m[38;2;200;201;199m[48;2;199;200;198m▀[0m[38;2;200;201;199m[48;2;199;200;198m▀[0m[38;2;201;202;200m[48;2;201;202;200m▀[0m[38;2;201;202;200m[48;2;201;202;200m▀[0m[38;2;201;202;200m[48;2;201;202;200m▀[0m[38;2;201;202;200m[48;2;201;202;200m▀[0m[38;2;201;202;200m[48;2;201;202;200m▀[0m[38;2;201;202;200m[48;2;201;202;200m▀[0m[38;2;201;202;200m[48;2;201;202;200m▀[0m[38;2;201;202;200m[48;2;201;202;200m▀[0m[38;2;201;202;200m[48;2;201;202;200m▀[0m[38;2;202;203;201m[48;2;201;202;200m▀[0m[38;2;202;203;201m[48;2;201;202;200m▀[0m[38;2;202;203;201m[48;2;201;202;200m▀[0m[38;2;202;203;201m[48;2;201;202;200m▀[0m[38;2;202;203;201m[48;2;201;202;200m▀[0m[38;2;202;203;201m[48;2;201;202;200m▀[0m[38;2;202;203;201m[48;2;201;202;200m▀[0m[38;2;202;203;201m[48;2;201;202;200m▀[0m[38;2;198;200;198m[48;2;197;199;197m▀[0m[38;2;196;198;196m[48;2;196;198;196m▀[0m[38;2;195;197;194m[48;2;194;196;193m▀[0m[38;2;194;196;193m[48;2;193;195;192m▀[0m[38;2;193;195;192m[48;2;192;194;191m▀[0m[38;2;190;192;189m[48;2;189;191;188m▀[0m[38;2;186;188;185m[48;2;184;186;183m▀[0m[38;2;182;184;181m[48;2;181;183;180m▀[0m[38;2;176;178;175m[48;2;175;177;174m▀[0m
[38;2;200;201;199m[48;2;200;201;199m▀[0m[38;2;200;201;199m[48;2;200;201;199m▀[0m[38;2;200;201;199m[48;2;200;201;199m▀[0m[38;2;200;201;199m[48;2;200;201;199m▀[0m[38;2;200;201;199m[48;2;200;201;199m▀[0m[38;2;200;201;199m[48;2;200;201;199m▀[0m[38;2;200;201;199m[48;2;200;201;199m▀[0m[38;2;200;201;199m[48;2;200;201;199m▀[0m[38;2;200;201;199m[48;2;200;201;199m▀[0m[38;2;200;201;199m[48;2;200;201;199m▀[0m[38;2;200;201;199m[48;2;200;201;199m▀[0m[38;2;200;201;199m[48;2;200;201;199m▀[0m[38;2;200;201;199m[48;2;200;201;199m▀[0m[38;2;200;201;199m[48;2;200;201;199m▀[0m[38;2;200;201;199m[48;2;200;201;199m▀[0m[38;2;200;201;199m[48;2;200;201;199m▀[0m[38;2;200;201;199m[48;2;200;201;199m▀[0m[38;2;200;200;200m[48;2;200;200;200m▀[0m[38;2;200;200;200m[48;2;200;200;200m▀[0m[38;2;200;200;200m[48;2;200;200;200m▀[0m[38;2;200;200;200m[48;2;200;200;200m▀[0m[38;2;200;200;200m[48;2;200;200;200m▀[0m[38;2;200;200;200m[48;2;200;200;200m▀[0m[38;2;200;200;200m[48;2;200;200;200m▀[0m[38;2;200;200;200m[48;2;200;200;200m▀[0m[38;2;200;200;200m[48;2;200;200;200m▀[0m[38;2;200;200;200m[48;2;200;200;200m▀[0m[38;2;200;200;200m[48;2;200;200;200m▀[0m[38;2;200;200;200m[48;2;200;200;200m▀[0m[38;2;200;200;200m[48;2;200;200;200m▀[0m[38;2;200;200;200m[48;2;200;200;200m▀[0m[38;2;200;200;200m[48;2;200;200;200m▀[0m[38;2;200;200;200m[48;2;200;200;200m▀[0m[38;2;200;200;200m[48;2;200;200;200m▀[0m[38;2;200;201;199m[48;2;200;201;199m▀[0m[38;2;200;201;199m[48;2;200;201;199m▀[0m[38;2;200;201;199m[48;2;200;201;199m▀[0m[38;2;200;201;199m[48;2;200;201;199m▀[0m[38;2;200;201;199m[48;2;200;201;199m▀[0m[38;2;200;201;199m[48;2;200;201;199m▀[0m[38;2;200;201;199m[48;2;200;201;199m▀[0m[38;2;200;201;199m[48;2;200;201;199m▀[0m[38;2;199;200;198m[48;2;199;200;198m▀[0m[38;2;199;200;198m[48;2;199;200;198m▀[0m[38;2;199;200;198m[48;2;199;200;198m▀[0m[38;2;199;200;198m[48;2;199;200;198m▀[0m[38;2;199;200;198m[48;2;199;200;198m▀[0m[38;2;199;200;198m[48;2;199;200;198m▀[0m[38;2;199;200;198m[48;2;199;200;198m▀[0m[38;2;199;200;198m[48;2;199;200;198m▀[0m[38;2;201;202;200m[48;2;201;202;200m▀[0m[38;2;201;202;200m[48;2;201;202;200m▀[0m[38;2;201;202;200m[48;2;201;202;200m▀[0m[38;2;201;202;200m[48;2;201;202;200m▀[0m[38;2;201;202;200m[48;2;201;202;200m▀[0m[38;2;201;202;200m[48;2;201;202;200m▀[0m[38;2;201;202;200m[48;2;201;202;200m▀[0m[38;2;201;202;200m[48;2;201;202;200m▀[0m[38;2;201;202;200m[48;2;201;202;200m▀[0m[38;2;201;202;200m[48;2;201;202;200m▀[0m[38;2;201;202;200m[48;2;201;202;200m▀[0m[38;2;201;202;200m[48;2;201;202;200m▀[0m[38;2;201;202;200m[48;2;201;202;200m▀[0m[38;2;201;202;200m[48;2;201;202;200m▀[0m[38;2;201;202;200m[48;2;201;202;200m▀[0m[38;2;201;202;200m[48;2;201;202;200m▀[0m[38;2;201;202;200m[48;2;201;202;200m▀[0m[38;2;197;199;197m[48;2;197;199;197m▀[0m[38;2;196;198;196m[48;2;195;197;194m▀[0m[38;2;194;196;193m[48;2;194;196;193m▀[0m[38;2;193;195;192m[48;2;192;194;191m▀[0m[38;2;191;193;190m[48;2;191;193;190m▀[0m[38;2;188;190;187m[48;2;188;190;187m▀[0m[38;2;184;186;183m[48;2;183;185;182m▀[0m[38;2;180;182;179m[48;2;179;181;178m▀[0m[38;2;174;176;173m[48;2;173;175;172m▀[0m
[38;2;200;201;199m[48;2;200;201;199m▀[0m[38;2;200;201;199m[48;2;200;201;199m▀[0m[38;2;200;201;199m[48;2;200;201;199m▀[0m[38;2;200;201;199m[48;2;200;201;199m▀[0m[38;2;200;201;199m[48;2;200;201;199m▀[0m[38;2;200;201;199m[48;2;200;201;199m▀[0m[38;2;200;201;199m[48;2;200;201;199m▀[0m[38;2;200;201;199m[48;2;200;201;199m▀[0m[38;2;200;201;199m[48;2;200;201;199m▀[0m[38;2;200;201;199m[48;2;200;201;199m▀[0m[38;2;200;201;199m[48;2;200;201;199m▀[0m[38;2;200;201;199m[48;2;200;201;199m▀[0m[38;2;200;201;199m[48;2;200;201;199m▀[0m[38;2;200;201;199m[48;2;200;201;199m▀[0m[38;2;200;201;199m[48;2;200;201;199m▀[0m[38;2;200;201;199m[48;2;200;201;199m▀[0m[38;2;200;201;199m[48;2;200;201;199m▀[0m[38;2;200;201;199m[48;2;200;201;199m▀[0m[38;2;200;201;199m[48;2;200;201;199m▀[0m[38;2;200;201;199m[48;2;200;201;199m▀[0m[38;2;200;201;199m[48;2;200;201;199m▀[0m[38;2;200;201;199m[48;2;200;201;199m▀[0m[38;2;200;201;199m[48;2;200;201;199m▀[0m[38;2;200;201;199m[48;2;200;201;199m▀[0m[38;2;200;201;199m[48;2;200;201;199m▀[0m[38;2;200;201;199m[48;2;200;201;199m▀[0m[38;2;200;201;199m[48;2;200;201;199m▀[0m[38;2;200;201;199m[48;2;200;201;199m▀[0m[38;2;200;201;199m[48;2;200;201;199m▀[0m[38;2;200;201;199m[48;2;200;201;199m▀[0m[38;2;200;201;199m[48;2;200;201;199m▀[0m[38;2;200;201;199m[48;2;200;201;199m▀[0m[38;2;200;201;199m[48;2;200;201;199m▀[0m[38;2;200;201;199m[48;2;200;201;199m▀[0m[38;2;200;201;199m[48;2;200;201;199m▀[0m[38;2;200;201;199m[48;2;200;201;199m▀[0m[38;2;200;201;199m[48;2;200;201;199m▀[0m[38;2;200;201;199m[48;2;200;201;199m▀[0m[38;2;200;201;199m[48;2;200;201;199m▀[0m[38;2;200;201;199m[48;2;200;201;199m▀[0m[38;2;200;201;199m[48;2;200;201;199m▀[0m[38;2;200;201;199m[48;2;200;201;199m▀[0m[38;2;200;201;199m[48;2;200;201;199m▀[0m[38;2;200;201;199m[48;2;200;201;199m▀[0m[38;2;200;201;199m[48;2;200;201;199m▀[0m[38;2;200;201;199m[48;2;200;201;199m▀[0m[38;2;200;201;199m[48;2;200;201;199m▀[0m[38;2;200;201;199m[48;2;200;201;199m▀[0m[38;2;200;201;199m[48;2;200;201;199m▀[0m[38;2;200;201;199m[48;2;200;201;199m▀[0m[38;2;201;202;200m[48;2;201;202;200m▀[0m[38;2;201;202;200m[48;2;201;202;200m▀[0m[38;2;201;202;200m[48;2;201;202;200m▀[0m[38;2;201;202;200m[48;2;201;202;200m▀[0m[38;2;201;202;200m[48;2;201;202;200m▀[0m[38;2;201;202;200m[48;2;201;202;200m▀[0m[38;2;201;202;200m[48;2;201;202;200m▀[0m[38;2;201;202;200m[48;2;201;202;200m▀[0m[38;2;201;202;200m[48;2;201;202;200m▀[0m[38;2;201;202;200m[48;2;201;202;200m▀[0m[38;2;202;203;201m[48;2;201;202;200m▀[0m[38;2;202;203;201m[48;2;202;203;201m▀[0m[38;2;202;203;201m[48;2;202;203;201m▀[0m[38;2;202;203;201m[48;2;201;202;200m▀[0m[38;2;201;202;200m[48;2;201;202;200m▀[0m[38;2;200;201;199m[48;2;200;201;199m▀[0m[38;2;199;200;198m[48;2;199;200;198m▀[0m[38;2;197;199;198m[48;2;197;199;198m▀[0m[38;2;195;197;196m[48;2;194;196;195m▀[0m[38;2;192;194;193m[48;2;192;194;193m▀[0m[38;2;192;194;193m[48;2;191;193;192m▀[0m[38;2;191;193;192m[48;2;190;192;191m▀[0m[38;2;188;190;189m[48;2;187;189;188m▀[0m[38;2;182;184;183m[48;2;181;183;182m▀[0m[38;2;176;178;177m[48;2;176;178;177m▀[0m[38;2;175;177;176m[48;2;175;177;176m▀[0m
[38;2;200;201;199m[48;2;199;200;198m▀[0m[38;2;200;201;199m[48;2;199;200;198m▀[0m[38;2;200;201;199m[48;2;199;200;198m▀[0m[38;2;200;201;199m[48;2;199;200;198m▀[0m[38;2;200;201;199m[48;2;199;200;198m▀[0m[38;2;200;201;199m[48;2;199;200;198m▀[0m[38;2;200;201;199m[48;2;199;200;198m▀[0m[38;2;200;201;199m[48;2;199;200;198m▀[0m[38;2;200;201;199m[48;2;199;200;198m▀[0m[38;2;200;201;199m[48;2;200;201;199m▀[0m[38;2;200;201;199m[48;2;200;201;199m▀[0m[38;2;200;201;199m[48;2;200;201;199m▀[0m[38;2;200;201;199m[48;2;200;201;199m▀[0m[38;2;200;201;199m[48;2;200;201;199m▀[0m[38;2;200;201;199m[48;2;200;201;199m▀[0m[38;2;200;201;199m[48;2;200;201;199m▀[0m[38;2;200;201;199m[48;2;200;201;199m▀[0m[38;2;200;201;199m[48;2;200;201;199m▀[0m[38;2;200;201;199m[48;2;200;201;199m▀[0m[38;2;200;201;199m[48;2;200;201;199m▀[0m[38;2;200;201;199m[48;2;200;201;199m▀[0m[38;2;200;201;199m[48;2;200;201;199m▀[0m[38;2;200;201;199m[48;2;200;201;199m▀[0m[38;2;200;201;199m[48;2;200;201;199m▀[0m[38;2;200;201;199m[48;2;200;201;199m▀[0m[38;2;200;201;199m[48;2;200;201;199m▀[0m[38;2;200;201;199m[48;2;200;201;199m▀[0m[38;2;200;201;199m[48;2;200;201;199m▀[0m[38;2;200;201;199m[48;2;200;201;199m▀[0m[38;2;200;201;199m[48;2;200;201;199m▀[0m[38;2;200;201;199m[48;2;200;201;199m▀[0m[38;2;200;201;199m[48;2;200;201;199m▀[0m[38;2;200;201;199m[48;2;200;201;199m▀[0m[38;2;200;201;199m[48;2;200;201;199m▀[0m[38;2;200;201;199m[48;2;200;201;199m▀[0m[38;2;200;201;199m[48;2;200;201;199m▀[0m[38;2;200;201;199m[48;2;200;201;199m▀[0m[38;2;200;201;199m[48;2;200;201;199m▀[0m[38;2;200;201;199m[48;2;200;201;199m▀[0m[38;2;200;201;199m[48;2;200;201;199m▀[0m[38;2;200;201;199m[48;2;200;201;199m▀[0m[38;2;200;201;199m[48;2;200;201;199m▀[0m[38;2;200;201;199m[48;2;200;201;199m▀[0m[38;2;200;201;199m[48;2;200;201;199m▀[0m[38;2;200;201;199m[48;2;200;201;199m▀[0m[38;2;200;201;199m[48;2;200;201;199m▀[0m[38;2;200;201;199m[48;2;200;201;199m▀[0m[38;2;200;201;199m[48;2;200;201;199m▀[0m[38;2;200;201;199m[48;2;200;201;199m▀[0m[38;2;200;201;199m[48;2;200;201;199m▀[0m[38;2;201;202;200m[48;2;200;201;199m▀[0m[38;2;201;202;200m[48;2;200;201;199m▀[0m[38;2;201;202;200m[48;2;200;201;199m▀[0m[38;2;201;202;200m[48;2;200;201;199m▀[0m[38;2;201;202;200m[48;2;200;201;199m▀[0m[38;2;201;202;200m[48;2;200;201;199m▀[0m[38;2;201;202;200m[48;2;200;201;199m▀[0m[38;2;201;202;200m[48;2;200;201;199m▀[0m[38;2;201;202;200m[48;2;200;201;199m▀[0m[38;2;201;202;200m[48;2;200;201;199m▀[0m[38;2;201;202;200m[48;2;201;202;200m▀[0m[38;2;202;203;201m[48;2;201;202;200m▀[0m[38;2;202;203;201m[48;2;201;202;200m▀[0m[38;2;201;202;200m[48;2;201;202;200m▀[0m[38;2;200;201;199m[48;2;200;201;199m▀[0m[38;2;199;200;198m[48;2;199;200;198m▀[0m[38;2;199;200;198m[48;2;198;199;197m▀[0m[38;2;196;198;197m[48;2;194;196;195m▀[0m[38;2;194;196;195m[48;2;193;195;194m▀[0m[38;2;192;194;193m[48;2;191;193;192m▀[0m[38;2;190;192;191m[48;2;189;191;190m▀[0m[38;2;189;191;190m[48;2;186;188;187m▀[0m[38;2;185;187;186m[48;2;183;185;184m▀[0m[38;2;180;182;181m[48;2;179;181;180m▀[0m[38;2;177;179;178m[48;2;177;179;178m▀[0m[38;2;175;177;176m[48;2;175;177;176m▀[0m
[38;2;199;200;198m[48;2;198;199;197m▀[0m[38;2;199;200;198m[48;2;198;199;197m▀[0m[38;2;199;200;198m[48;2;198;199;197m▀[0m[38;2;199;200;198m[48;2;198;199;197m▀[0m[38;2;199;200;198m[48;2;198;199;197m▀[0m[38;2;199;200;198m[48;2;198;199;197m▀[0m[38;2;199;200;198m[48;2;198;199;197m▀[0m[38;2;199;200;198m[48;2;198;199;197m▀[0m[38;2;199;200;198m[48;2;198;199;197m▀[0m[38;2;200;201;199m[48;2;200;201;199m▀[0m[38;2;200;201;199m[48;2;200;201;199m▀[0m[38;2;200;201;199m[48;2;200;201;199m▀[0m[38;2;200;201;199m[48;2;200;201;199m▀[0m[38;2;200;201;199m[48;2;200;201;199m▀[0m[38;2;200;201;199m[48;2;200;201;199m▀[0m[38;2;200;201;199m[48;2;200;201;199m▀[0m[38;2;200;201;199m[48;2;200;201;199m▀[0m[38;2;200;201;199m[48;2;200;201;199m▀[0m[38;2;200;201;199m[48;2;200;201;199m▀[0m[38;2;200;201;199m[48;2;200;201;199m▀[0m[38;2;200;201;199m[48;2;200;201;199m▀[0m[38;2;200;201;199m[48;2;200;201;199m▀[0m[38;2;200;201;199m[48;2;200;201;199m▀[0m[38;2;200;201;199m[48;2;200;201;199m▀[0m[38;2;200;201;199m[48;2;200;201;199m▀[0m[38;2;200;201;199m[48;2;200;201;199m▀[0m[38;2;200;201;199m[48;2;200;201;199m▀[0m[38;2;200;201;199m[48;2;200;201;199m▀[0m[38;2;200;201;199m[48;2;200;201;199m▀[0m[38;2;200;201;199m[48;2;200;201;199m▀[0m[38;2;200;201;199m[48;2;200;201;199m▀[0m[38;2;200;201;199m[48;2;200;201;199m▀[0m[38;2;200;201;199m[48;2;200;201;199m▀[0m[38;2;200;201;199m[48;2;200;201;199m▀[0m[38;2;200;201;199m[48;2;200;201;199m▀[0m[38;2;200;201;199m[48;2;200;201;199m▀[0m[38;2;200;201;199m[48;2;200;201;199m▀[0m[38;2;200;201;199m[48;2;200;201;199m▀[0m[38;2;200;201;199m[48;2;200;201;199m▀[0m[38;2;200;201;199m[48;2;200;201;199m▀[0m[38;2;200;201;199m[48;2;200;201;199m▀[0m[38;2;200;201;199m[48;2;200;201;199m▀[0m[38;2;200;201;199m[48;2;200;201;199m▀[0m[38;2;200;201;199m[48;2;200;201;199m▀[0m[38;2;200;201;199m[48;2;200;201;199m▀[0m[38;2;200;201;199m[48;2;200;201;199m▀[0m[38;2;200;201;199m[48;2;200;201;199m▀[0m[38;2;200;201;199m[48;2;200;201;199m▀[0m[38;2;200;201;199m[48;2;200;201;199m▀[0m[38;2;200;201;199m[48;2;200;201;199m▀[0m[38;2;200;201;199m[48;2;199;200;198m▀[0m[38;2;200;201;199m[48;2;199;200;198m▀[0m[38;2;200;201;199m[48;2;199;200;198m▀[0m[38;2;200;201;199m[48;2;199;200;198m▀[0m[38;2;200;201;199m[48;2;199;200;198m▀[0m[38;2;200;201;199m[48;2;199;200;198m▀[0m[38;2;200;201;199m[48;2;199;200;198m▀[0m[38;2;200;201;199m[48;2;199;200;198m▀[0m[38;2;200;201;199m[48;2;199;200;198m▀[0m[38;2;200;201;199m[48;2;200;201;199m▀[0m[38;2;200;201;199m[48;2;200;201;199m▀[0m[38;2;201;202;200m[48;2;200;201;199m▀[0m[38;2;201;202;200m[48;2;200;201;199m▀[0m[38;2;200;201;199m[48;2;200;201;199m▀[0m[38;2;200;201;199m[48;2;199;200;198m▀[0m[38;2;199;200;198m[48;2;198;199;197m▀[0m[38;2;198;199;197m[48;2;198;199;197m▀[0m[38;2;193;195;194m[48;2;191;193;192m▀[0m[38;2;192;194;193m[48;2;192;194;193m▀[0m[38;2;191;193;192m[48;2;190;192;191m▀[0m[38;2;188;190;189m[48;2;187;189;188m▀[0m[38;2;184;186;185m[48;2;182;184;183m▀[0m[38;2;180;182;181m[48;2;178;180;179m▀[0m[38;2;178;180;179m[48;2;177;179;178m▀[0m[38;2;177;179;178m[48;2;177;179;178m▀[0m[38;2;175;177;176m[48;2;175;177;176m▀[0m
[38;2;198;199;197m[48;2;198;199;197m▀[0m[38;2;198;199;197m[48;2;198;199;197m▀[0m[38;2;198;199;197m[48;2;198;199;197m▀[0m[38;2;198;199;197m[48;2;198;199;197m▀[0m[38;2;198;199;197m[48;2;198;199;197m▀[0m[38;2;198;199;197m[48;2;198;199;197m▀[0m[38;2;198;199;197m[48;2;198;199;197m▀[0m[38;2;198;199;197m[48;2;198;199;197m▀[0m[38;2;198;199;197m[48;2;198;199;197m▀[0m[38;2;200;201;199m[48;2;200;201;199m▀[0m[38;2;200;201;199m[48;2;200;201;199m▀[0m[38;2;200;201;199m[48;2;200;201;199m▀[0m[38;2;200;201;199m[48;2;200;201;199m▀[0m[38;2;200;201;199m[48;2;200;201;199m▀[0m[38;2;200;201;199m[48;2;200;201;199m▀[0m[38;2;200;201;199m[48;2;200;201;199m▀[0m[38;2;200;201;199m[48;2;200;201;199m▀[0m[38;2;200;201;199m[48;2;200;201;199m▀[0m[38;2;200;201;199m[48;2;200;201;199m▀[0m[38;2;200;201;199m[48;2;200;201;199m▀[0m[38;2;200;201;199m[48;2;200;201;199m▀[0m[38;2;200;201;199m[48;2;200;201;199m▀[0m[38;2;200;201;199m[48;2;200;201;199m▀[0m[38;2;200;201;199m[48;2;200;201;199m▀[0m[38;2;200;201;199m[48;2;200;201;199m▀[0m[38;2;200;201;199m[48;2;200;201;199m▀[0m[38;2;200;201;199m[48;2;200;201;199m▀[0m[38;2;200;201;199m[48;2;200;201;199m▀[0m[38;2;200;201;199m[48;2;200;201;199m▀[0m[38;2;200;201;199m[48;2;200;201;199m▀[0m[38;2;200;201;199m[48;2;200;201;199m▀[0m[38;2;200;201;199m[48;2;200;201;199m▀[0m[38;2;200;201;199m[48;2;200;201;199m▀[0m[38;2;200;201;199m[48;2;200;201;199m▀[0m[38;2;200;201;199m[48;2;200;201;199m▀[0m[38;2;200;201;199m[48;2;200;201;199m▀[0m[38;2;200;201;199m[48;2;200;201;199m▀[0m[38;2;200;201;199m[48;2;200;201;199m▀[0m[38;2;200;201;199m[48;2;200;201;199m▀[0m[38;2;200;201;199m[48;2;200;201;199m▀[0m[38;2;200;201;199m[48;2;200;201;199m▀[0m[38;2;200;201;199m[48;2;200;201;199m▀[0m[38;2;200;201;199m[48;2;200;201;199m▀[0m[38;2;200;201;199m[48;2;200;201;199m▀[0m[38;2;200;201;199m[48;2;200;201;199m▀[0m[38;2;200;201;199m[48;2;200;201;199m▀[0m[38;2;200;201;199m[48;2;200;201;199m▀[0m[38;2;200;201;199m[48;2;200;201;199m▀[0m[38;2;200;201;199m[48;2;200;201;199m▀[0m[38;2;200;201;199m[48;2;200;201;199m▀[0m[38;2;199;200;198m[48;2;199;200;198m▀[0m[38;2;199;200;198m[48;2;199;200;198m▀[0m[38;2;199;200;198m[48;2;199;200;198m▀[0m[38;2;199;200;198m[48;2;199;200;198m▀[0m[38;2;199;200;198m[48;2;199;200;198m▀[0m[38;2;199;200;198m[48;2;199;200;198m▀[0m[38;2;199;200;198m[48;2;199;200;198m▀[0m[38;2;199;200;198m[48;2;199;200;198m▀[0m[38;2;199;200;198m[48;2;199;200;198m▀[0m[38;2;199;200;198m[48;2;199;200;198m▀[0m[38;2;200;201;199m[48;2;200;201;199m▀[0m[38;2;200;201;199m[48;2;200;201;199m▀[0m[38;2;200;201;199m[48;2;200;201;199m▀[0m[38;2;200;201;199m[48;2;200;201;199m▀[0m[38;2;199;200;198m[48;2;199;200;198m▀[0m[38;2;198;199;197m[48;2;198;199;197m▀[0m[38;2;197;198;196m[48;2;197;198;196m▀[0m[38;2;190;192;191m[48;2;190;192;191m▀[0m[38;2;191;193;192m[48;2;191;193;192m▀[0m[38;2;190;192;191m[48;2;190;192;191m▀[0m[38;2;186;188;187m[48;2;185;187;186m▀[0m[38;2;180;182;181m[48;2;179;181;180m▀[0m[38;2;176;178;177m[48;2;175;177;176m▀[0m[38;2;176;178;177m[48;2;176;178;177m▀[0m[38;2;177;179;178m[48;2;177;179;178m▀[0m[38;2;175;177;176m[48;2;175;177;176m▀[0m
[38;2;198;199;197m[48;2;198;199;197m▀[0m[38;2;198;199;197m[48;2;198;199;197m▀[0m[38;2;198;199;197m[48;2;198;199;197m▀[0m[38;2;198;199;197m[48;2;198;199;197m▀[0m[38;2;198;199;197m[48;2;198;199;197m▀[0m[38;2;198;199;197m[48;2;198;199;197m▀[0m[38;2;198;199;197m[48;2;198;199;197m▀[0m[38;2;198;199;197m[48;2;198;199;197m▀[0m[38;2;198;199;197m[48;2;198;199;197m▀[0m[38;2;199;200;198m[48;2;199;200;198m▀[0m[38;2;199;200;198m[48;2;199;200;198m▀[0m[38;2;199;200;198m[48;2;199;200;198m▀[0m[38;2;199;200;198m[48;2;199;200;198m▀[0m[38;2;199;200;198m[48;2;199;200;198m▀[0m[38;2;199;200;198m[48;2;199;200;198m▀[0m[38;2;199;200;198m[48;2;199;200;198m▀[0m[38;2;199;200;198m[48;2;199;200;198m▀[0m[38;2;199;200;198m[48;2;199;200;198m▀[0m[38;2;199;200;198m[48;2;199;200;198m▀[0m[38;2;199;200;198m[48;2;199;200;198m▀[0m[38;2;199;200;198m[48;2;199;200;198m▀[0m[38;2;199;200;198m[48;2;199;200;198m▀[0m[38;2;199;200;198m[48;2;199;200;198m▀[0m[38;2;199;200;198m[48;2;199;200;198m▀[0m[38;2;199;200;198m[48;2;199;200;198m▀[0m[38;2;198;199;197m[48;2;198;199;197m▀[0m[38;2;198;199;197m[48;2;198;199;197m▀[0m[38;2;198;199;197m[48;2;198;199;197m▀[0m[38;2;198;199;197m[48;2;198;199;197m▀[0m[38;2;199;200;198m[48;2;199;200;198m▀[0m[38;2;199;200;198m[48;2;199;200;198m▀[0m[38;2;200;201;199m[48;2;200;201;199m▀[0m[38;2;200;201;199m[48;2;200;201;199m▀[0m[38;2;200;201;199m[48;2;200;201;199m▀[0m[38;2;200;201;199m[48;2;200;201;199m▀[0m[38;2;200;201;199m[48;2;200;201;199m▀[0m[38;2;200;201;199m[48;2;200;201;199m▀[0m[38;2;200;201;199m[48;2;200;201;199m▀[0m[38;2;200;201;199m[48;2;200;201;199m▀[0m[38;2;200;201;199m[48;2;200;201;199m▀[0m[38;2;200;201;199m[48;2;200;201;199m▀[0m[38;2;200;201;199m[48;2;200;201;199m▀[0m[38;2;199;200;198m[48;2;199;200;198m▀[0m[38;2;199;200;198m[48;2;199;200;198m▀[0m[38;2;199;200;198m[48;2;199;200;198m▀[0m[38;2;199;200;198m[48;2;199;200;198m▀[0m[38;2;199;200;198m[48;2;199;200;198m▀[0m[38;2;199;200;198m[48;2;199;200;198m▀[0m[38;2;199;200;198m[48;2;199;200;198m▀[0m[38;2;199;200;198m[48;2;199;200;198m▀[0m[38;2;200;201;199m[48;2;200;201;199m▀[0m[38;2;200;201;199m[48;2;200;201;199m▀[0m[38;2;200;201;199m[48;2;200;201;199m▀[0m[38;2;200;201;199m[48;2;200;201;199m▀[0m[38;2;200;201;199m[48;2;200;201;199m▀[0m[38;2;200;201;199m[48;2;200;201;199m▀[0m[38;2;200;201;199m[48;2;200;201;199m▀[0m[38;2;200;201;199m[48;2;200;201;199m▀[0m[38;2;200;201;199m[48;2;200;201;199m▀[0m[38;2;198;199;197m[48;2;198;199;197m▀[0m[38;2;198;199;197m[48;2;198;199;197m▀[0m[38;2;199;200;198m[48;2;199;200;198m▀[0m[38;2;199;200;198m[48;2;199;200;198m▀[0m[38;2;199;200;198m[48;2;199;200;198m▀[0m[38;2;198;199;197m[48;2;198;199;197m▀[0m[38;2;197;198;196m[48;2;197;198;196m▀[0m[38;2;197;198;196m[48;2;196;197;194m▀[0m[38;2;190;192;191m[48;2;190;192;191m▀[0m[38;2;190;192;191m[48;2;190;192;191m▀[0m[38;2;189;191;190m[48;2;188;190;189m▀[0m[38;2;184;186;185m[48;2;184;186;185m▀[0m[38;2;178;180;179m[48;2;178;180;179m▀[0m[38;2;174;176;175m[48;2;175;177;176m▀[0m[38;2;175;177;176m[48;2;175;177;176m▀[0m[38;2;176;178;177m[48;2;176;178;177m▀[0m[38;2;174;176;175m[48;2;174;176;175m▀[0m
[38;2;198;199;197m[48;2;198;199;197m▀[0m[38;2;198;199;197m[48;2;198;199;197m▀[0m[38;2;198;199;197m[48;2;198;199;197m▀[0m[38;2;198;199;197m[48;2;198;199;197m▀[0m[38;2;198;199;197m[48;2;198;199;197m▀[0m[38;2;198;199;197m[48;2;198;199;197m▀[0m[38;2;198;199;197m[48;2;198;199;197m▀[0m[38;2;198;199;197m[48;2;198;199;197m▀[0m[38;2;198;199;197m[48;2;198;199;197m▀[0m[38;2;199;200;198m[48;2;199;200;198m▀[0m[38;2;199;200;198m[48;2;199;200;198m▀[0m[38;2;199;200;198m[48;2;199;200;198m▀[0m[38;2;199;200;198m[48;2;199;200;198m▀[0m[38;2;199;200;198m[48;2;199;200;198m▀[0m[38;2;199;200;198m[48;2;199;200;198m▀[0m[38;2;199;200;198m[48;2;199;200;198m▀[0m[38;2;199;200;198m[48;2;199;200;198m▀[0m[38;2;199;200;198m[48;2;199;200;198m▀[0m[38;2;199;200;198m[48;2;199;200;198m▀[0m[38;2;199;200;198m[48;2;199;200;198m▀[0m[38;2;199;200;198m[48;2;199;200;198m▀[0m[38;2;199;200;198m[48;2;199;200;198m▀[0m[38;2;199;200;198m[48;2;199;200;198m▀[0m[38;2;199;200;198m[48;2;199;200;198m▀[0m[38;2;199;200;198m[48;2;199;200;198m▀[0m[38;2;198;199;197m[48;2;198;199;197m▀[0m[38;2;198;199;197m[48;2;198;199;197m▀[0m[38;2;198;199;197m[48;2;198;199;197m▀[0m[38;2;198;199;197m[48;2;198;199;197m▀[0m[38;2;199;200;198m[48;2;199;200;198m▀[0m[38;2;199;200;198m[48;2;199;200;198m▀[0m[38;2;200;201;199m[48;2;200;201;199m▀[0m[38;2;200;201;199m[48;2;200;201;199m▀[0m[38;2;200;201;199m[48;2;200;201;199m▀[0m[38;2;200;201;199m[48;2;199;200;198m▀[0m[38;2;200;201;199m[48;2;199;200;198m▀[0m[38;2;200;201;199m[48;2;199;200;198m▀[0m[38;2;200;201;199m[48;2;199;200;198m▀[0m[38;2;200;201;199m[48;2;199;200;198m▀[0m[38;2;200;201;199m[48;2;199;200;198m▀[0m[38;2;200;201;199m[48;2;199;200;198m▀[0m[38;2;200;201;199m[48;2;199;200;198m▀[0m[38;2;199;200;198m[48;2;199;200;198m▀[0m[38;2;199;200;198m[48;2;199;200;198m▀[0m[38;2;199;200;198m[48;2;199;200;198m▀[0m[38;2;199;200;198m[48;2;199;200;198m▀[0m[38;2;199;200;198m[48;2;199;200;198m▀[0m[38;2;199;200;198m[48;2;199;200;198m▀[0m[38;2;199;200;198m[48;2;199;200;198m▀[0m[38;2;199;200;198m[48;2;199;200;198m▀[0m[38;2;200;201;199m[48;2;199;200;198m▀[0m[38;2;200;201;199m[48;2;199;200;198m▀[0m[38;2;200;201;199m[48;2;199;200;198m▀[0m[38;2;200;201;199m[48;2;199;200;198m▀[0m[38;2;200;201;199m[48;2;199;200;198m▀[0m[38;2;200;201;199m[48;2;199;200;198m▀[0m[38;2;200;201;199m[48;2;199;200;198m▀[0m[38;2;200;201;199m[48;2;199;200;198m▀[0m[38;2;200;201;199m[48;2;199;200;198m▀[0m[38;2;198;199;197m[48;2;198;199;197m▀[0m[38;2;198;199;197m[48;2;198;199;197m▀[0m[38;2;199;200;198m[48;2;199;200;198m▀[0m[38;2;199;200;198m[48;2;198;199;197m▀[0m[38;2;198;199;197m[48;2;198;199;197m▀[0m[38;2;197;198;196m[48;2;197;198;196m▀[0m[38;2;196;197;194m[48;2;195;196;193m▀[0m[38;2;196;197;194m[48;2;195;196;193m▀[0m[38;2;190;192;191m[48;2;191;193;192m▀[0m[38;2;189;191;190m[48;2;189;191;190m▀[0m[38;2;187;189;188m[48;2;185;187;186m▀[0m[38;2;182;184;183m[48;2;181;183;182m▀[0m[38;2;178;180;179m[48;2;177;179;178m▀[0m[38;2;175;177;176m[48;2;176;178;177m▀[0m[38;2;175;177;176m[48;2;176;178;177m▀[0m[38;2;176;178;177m[48;2;176;178;177m▀[0m[38;2;175;177;176m[48;2;176;178;177m▀[0m
[38;2;198;199;197m[48;2;198;199;197m▀[0m[38;2;198;199;197m[48;2;198;199;197m▀[0m[38;2;198;199;197m[48;2;198;199;197m▀[0m[38;2;198;199;197m[48;2;198;199;197m▀[0m[38;2;198;199;197m[48;2;198;199;197m▀[0m[38;2;198;199;197m[48;2;198;199;197m▀[0m[38;2;198;199;197m[48;2;198;199;197m▀[0m[38;2;198;199;197m[48;2;198;199;197m▀[0m[38;2;198;199;197m[48;2;198;199;197m▀[0m[38;2;199;200;198m[48;2;199;200;198m▀[0m[38;2;199;200;198m[48;2;199;200;198m▀[0m[38;2;199;200;198m[48;2;199;200;198m▀[0m[38;2;199;200;198m[48;2;199;200;198m▀[0m[38;2;199;200;198m[48;2;199;200;198m▀[0m[38;2;199;200;198m[48;2;199;200;198m▀[0m[38;2;199;200;198m[48;2;199;200;198m▀[0m[38;2;199;200;198m[48;2;199;200;198m▀[0m[38;2;199;200;198m[48;2;199;200;198m▀[0m[38;2;199;200;198m[48;2;199;200;198m▀[0m[38;2;199;200;198m[48;2;199;200;198m▀[0m[38;2;199;200;198m[48;2;199;200;198m▀[0m[38;2;199;200;198m[48;2;199;200;198m▀[0m[38;2;199;200;198m[48;2;199;200;198m▀[0m[38;2;199;200;198m[48;2;199;200;198m▀[0m[38;2;199;200;198m[48;2;199;200;198m▀[0m[38;2;198;199;197m[48;2;198;199;197m▀[0m[38;2;198;199;197m[48;2;198;199;197m▀[0m[38;2;198;199;197m[48;2;198;199;197m▀[0m[38;2;198;199;197m[48;2;198;199;197m▀[0m[38;2;199;200;198m[48;2;199;200;198m▀[0m[38;2;199;200;198m[48;2;199;200;198m▀[0m[38;2;200;201;199m[48;2;200;201;199m▀[0m[38;2;200;201;199m[48;2;200;201;199m▀[0m[38;2;200;201;199m[48;2;200;201;199m▀[0m[38;2;199;200;198m[48;2;198;199;197m▀[0m[38;2;199;200;198m[48;2;198;199;197m▀[0m[38;2;199;200;198m[48;2;198;199;197m▀[0m[38;2;199;200;198m[48;2;198;199;197m▀[0m[38;2;199;200;198m[48;2;198;199;197m▀[0m[38;2;199;200;198m[48;2;198;199;197m▀[0m[38;2;199;200;198m[48;2;198;199;197m▀[0m[38;2;199;200;198m[48;2;198;199;197m▀[0m[38;2;199;200;198m[48;2;199;200;198m▀[0m[38;2;199;200;198m[48;2;199;200;198m▀[0m[38;2;199;200;198m[48;2;199;200;198m▀[0m[38;2;199;200;198m[48;2;199;200;198m▀[0m[38;2;199;200;198m[48;2;199;200;198m▀[0m[38;2;199;200;198m[48;2;199;200;198m▀[0m[38;2;199;200;198m[48;2;199;200;198m▀[0m[38;2;199;200;198m[48;2;199;200;198m▀[0m[38;2;199;200;198m[48;2;198;199;197m▀[0m[38;2;199;200;198m[48;2;198;199;197m▀[0m[38;2;199;200;198m[48;2;198;199;197m▀[0m[38;2;199;200;198m[48;2;198;199;197m▀[0m[38;2;199;200;198m[48;2;198;199;197m▀[0m[38;2;199;200;198m[48;2;198;199;197m▀[0m[38;2;199;200;198m[48;2;198;199;197m▀[0m[38;2;199;200;198m[48;2;198;199;197m▀[0m[38;2;199;200;198m[48;2;198;199;197m▀[0m[38;2;198;199;197m[48;2;198;199;197m▀[0m[38;2;198;199;197m[48;2;199;200;198m▀[0m[38;2;198;199;197m[48;2;198;199;197m▀[0m[38;2;198;199;197m[48;2;198;199;197m▀[0m[38;2;197;198;196m[48;2;197;198;196m▀[0m[38;2;196;197;194m[48;2;195;196;193m▀[0m[38;2;194;195;192m[48;2;194;195;192m▀[0m[38;2;194;195;192m[48;2;193;194;191m▀[0m[38;2;191;193;192m[48;2;191;193;192m▀[0m[38;2;188;190;189m[48;2;187;189;188m▀[0m[38;2;183;185;184m[48;2;181;183;182m▀[0m[38;2;179;181;180m[48;2;178;180;179m▀[0m[38;2;177;179;178m[48;2;177;179;178m▀[0m[38;2;176;178;177m[48;2;177;179;178m▀[0m[38;2;176;178;177m[48;2;177;179;178m▀[0m[38;2;176;178;177m[48;2;176;178;177m▀[0m[38;2;177;179;178m[48;2;178;180;179m▀[0m
[38;2;198;199;197m[48;2;198;199;197m▀[0m[38;2;198;199;197m[48;2;198;199;197m▀[0m[38;2;198;199;197m[48;2;198;199;197m▀[0m[38;2;198;199;197m[48;2;198;199;197m▀[0m[38;2;198;199;197m[48;2;198;199;197m▀[0m[38;2;198;199;197m[48;2;198;199;197m▀[0m[38;2;198;199;197m[48;2;198;199;197m▀[0m[38;2;198;199;197m[48;2;198;199;197m▀[0m[38;2;198;199;197m[48;2;198;199;197m▀[0m[38;2;199;200;198m[48;2;199;200;198m▀[0m[38;2;199;200;198m[48;2;199;200;198m▀[0m[38;2;199;200;198m[48;2;199;200;198m▀[0m[38;2;199;200;198m[48;2;199;200;198m▀[0m[38;2;199;200;198m[48;2;199;200;198m▀[0m[38;2;199;200;198m[48;2;199;200;198m▀[0m[38;2;199;200;198m[48;2;199;200;198m▀[0m[38;2;199;200;198m[48;2;199;200;198m▀[0m[38;2;199;200;198m[48;2;199;200;198m▀[0m[38;2;199;200;198m[48;2;199;200;198m▀[0m[38;2;199;200;198m[48;2;199;200;198m▀[0m[38;2;199;200;198m[48;2;199;200;198m▀[0m[38;2;199;200;198m[48;2;199;200;198m▀[0m[38;2;199;200;198m[48;2;199;200;198m▀[0m[38;2;199;200;198m[48;2;199;200;198m▀[0m[38;2;199;200;198m[48;2;199;200;198m▀[0m[38;2;198;199;197m[48;2;198;199;197m▀[0m[38;2;198;199;197m[48;2;198;199;197m▀[0m[38;2;198;199;197m[48;2;198;199;197m▀[0m[38;2;198;199;197m[48;2;198;199;197m▀[0m[38;2;199;200;198m[48;2;199;200;198m▀[0m[38;2;199;200;198m[48;2;199;200;198m▀[0m[38;2;200;201;199m[48;2;200;201;199m▀[0m[38;2;200;201;199m[48;2;200;201;199m▀[0m[38;2;200;201;199m[48;2;200;201;199m▀[0m[38;2;198;199;197m[48;2;198;199;197m▀[0m[38;2;198;199;197m[48;2;198;199;197m▀[0m[38;2;198;199;197m[48;2;198;199;197m▀[0m[38;2;198;199;197m[48;2;198;199;197m▀[0m[38;2;198;199;197m[48;2;198;199;197m▀[0m[38;2;198;199;197m[48;2;198;199;197m▀[0m[38;2;198;199;197m[48;2;198;199;197m▀[0m[38;2;198;199;197m[48;2;198;199;197m▀[0m[38;2;199;200;198m[48;2;199;200;198m▀[0m[38;2;199;200;198m[48;2;199;200;198m▀[0m[38;2;199;200;198m[48;2;199;200;198m▀[0m[38;2;199;200;198m[48;2;199;200;198m▀[0m[38;2;199;200;198m[48;2;199;200;198m▀[0m[38;2;199;200;198m[48;2;199;200;198m▀[0m[38;2;199;200;198m[48;2;199;200;198m▀[0m[38;2;199;200;198m[48;2;199;200;198m▀[0m[38;2;198;199;197m[48;2;198;199;197m▀[0m[38;2;198;199;197m[48;2;198;199;197m▀[0m[38;2;198;199;197m[48;2;198;199;197m▀[0m[38;2;198;199;197m[48;2;198;199;197m▀[0m[38;2;198;199;197m[48;2;198;199;197m▀[0m[38;2;198;199;197m[48;2;198;199;197m▀[0m[38;2;198;199;197m[48;2;198;199;197m▀[0m[38;2;198;199;197m[48;2;198;199;197m▀[0m[38;2;198;199;197m[48;2;198;199;197m▀[0m[38;2;199;200;198m[48;2;199;200;198m▀[0m[38;2;199;200;198m[48;2;199;200;198m▀[0m[38;2;198;199;197m[48;2;198;199;197m▀[0m[38;2;198;199;197m[48;2;197;198;196m▀[0m[38;2;196;197;194m[48;2;196;197;194m▀[0m[38;2;195;196;193m[48;2;194;195;192m▀[0m[38;2;193;194;191m[48;2;193;194;191m▀[0m[38;2;192;193;190m[48;2;192;193;190m▀[0m[38;2;192;194;193m[48;2;192;194;193m▀[0m[38;2;186;188;187m[48;2;186;188;187m▀[0m[38;2;180;182;181m[48;2;179;181;180m▀[0m[38;2;176;178;177m[48;2;176;178;177m▀[0m[38;2;176;178;177m[48;2;176;178;177m▀[0m[38;2;177;179;178m[48;2;177;179;178m▀[0m[38;2;177;179;178m[48;2;177;179;178m▀[0m[38;2;176;178;177m[48;2;176;178;177m▀[0m[38;2;178;180;179m[48;2;179;181;180m▀[0m
[38;2;198;198;198m[48;2;198;198;198m▀[0m[38;2;198;198;198m[48;2;198;198;198m▀[0m[38;2;198;198;198m[48;2;198;198;198m▀[0m[38;2;198;198;198m[48;2;198;198;198m▀[0m[38;2;198;198;198m[48;2;198;198;198m▀[0m[38;2;198;198;198m[48;2;198;198;198m▀[0m[38;2;198;198;198m[48;2;198;198;198m▀[0m[38;2;198;199;197m[48;2;198;199;197m▀[0m[38;2;198;199;197m[48;2;198;199;197m▀[0m[38;2;199;200;198m[48;2;199;200;198m▀[0m[38;2;199;200;198m[48;2;199;200;198m▀[0m[38;2;199;200;196m[48;2;199;200;196m▀[0m[38;2;199;200;196m[48;2;199;200;196m▀[0m[38;2;199;200;196m[48;2;199;200;196m▀[0m[38;2;199;200;196m[48;2;199;200;196m▀[0m[38;2;199;200;194m[48;2;199;200;194m▀[0m[38;2;199;200;194m[48;2;199;200;194m▀[0m[38;2;199;200;198m[48;2;199;200;198m▀[0m[38;2;199;200;198m[48;2;199;200;198m▀[0m[38;2;199;200;198m[48;2;199;200;198m▀[0m[38;2;199;200;198m[48;2;199;200;198m▀[0m[38;2;199;200;198m[48;2;199;200;198m▀[0m[38;2;199;200;198m[48;2;199;200;198m▀[0m[38;2;199;200;198m[48;2;199;200;198m▀[0m[38;2;199;200;198m[48;2;199;200;198m▀[0m[38;2;199;200;198m[48;2;199;200;198m▀[0m[38;2;199;200;198m[48;2;199;200;198m▀[0m[38;2;199;200;198m[48;2;199;200;198m▀[0m[38;2;199;200;198m[48;2;199;200;198m▀[0m[38;2;199;200;198m[48;2;199;200;198m▀[0m[38;2;199;200;198m[48;2;199;200;198m▀[0m[38;2;199;200;198m[48;2;199;200;198m▀[0m[38;2;199;200;198m[48;2;199;200;198m▀[0m[38;2;199;200;198m[48;2;199;200;198m▀[0m[38;2;199;200;198m[48;2;199;200;198m▀[0m[38;2;199;200;198m[48;2;199;200;198m▀[0m[38;2;199;200;198m[48;2;199;200;198m▀[0m[38;2;199;200;198m[48;2;199;200;198m▀[0m[38;2;199;200;198m[48;2;199;200;198m▀[0m[38;2;199;200;198m[48;2;199;200;198m▀[0m[38;2;199;200;198m[48;2;199;200;198m▀[0m[38;2;199;200;198m[48;2;199;200;198m▀[0m[38;2;199;200;198m[48;2;199;200;198m▀[0m[38;2;199;200;198m[48;2;199;200;198m▀[0m[38;2;199;200;198m[48;2;199;200;198m▀[0m[38;2;199;200;198m[48;2;199;200;198m▀[0m[38;2;199;200;198m[48;2;199;200;198m▀[0m[38;2;199;200;198m[48;2;199;200;198m▀[0m[38;2;199;200;198m[48;2;199;200;198m▀[0m[38;2;199;200;198m[48;2;199;200;198m▀[0m[38;2;199;200;198m[48;2;199;200;198m▀[0m[38;2;199;200;198m[48;2;199;200;198m▀[0m[38;2;199;200;198m[48;2;199;200;198m▀[0m[38;2;199;200;198m[48;2;199;200;198m▀[0m[38;2;199;200;198m[48;2;199;200;198m▀[0m[38;2;199;200;198m[48;2;199;200;198m▀[0m[38;2;199;200;198m[48;2;199;200;198m▀[0m[38;2;199;200;198m[48;2;199;200;198m▀[0m[38;2;199;200;198m[48;2;199;200;198m▀[0m[38;2;198;199;197m[48;2;198;199;197m▀[0m[38;2;198;199;197m[48;2;198;199;197m▀[0m[38;2;198;199;197m[48;2;198;199;197m▀[0m[38;2;197;198;196m[48;2;197;198;196m▀[0m[38;2;196;197;194m[48;2;196;197;194m▀[0m[38;2;195;196;193m[48;2;194;195;192m▀[0m[38;2;193;194;191m[48;2;193;194;191m▀[0m[38;2;193;194;191m[48;2;192;193;190m▀[0m[38;2;190;192;189m[48;2;189;191;188m▀[0m[38;2;186;188;185m[48;2;185;187;184m▀[0m[38;2;180;182;179m[48;2;179;181;178m▀[0m[38;2;176;178;175m[48;2;176;178;175m▀[0m[38;2;176;178;175m[48;2;176;178;175m▀[0m[38;2;177;179;176m[48;2;177;179;176m▀[0m[38;2;178;180;177m[48;2;178;180;177m▀[0m[38;2;178;180;177m[48;2;178;180;177m▀[0m[38;2;179;181;178m[48;2;179;181;178m▀[0m
[38;2;198;198;198m[48;2;198;198;198m▀[0m[38;2;198;198;198m[48;2;198;198;198m▀[0m[38;2;198;198;198m[48;2;198;198;198m▀[0m[38;2;198;198;198m[48;2;198;198;198m▀[0m[38;2;198;198;198m[48;2;198;198;198m▀[0m[38;2;198;198;198m[48;2;198;198;198m▀[0m[38;2;198;198;198m[48;2;198;198;198m▀[0m[38;2;198;199;197m[48;2;198;199;197m▀[0m[38;2;198;199;197m[48;2;198;199;197m▀[0m[38;2;199;200;198m[48;2;199;200;198m▀[0m[38;2;199;200;198m[48;2;199;200;198m▀[0m[38;2;199;200;196m[48;2;199;200;196m▀[0m[38;2;199;200;196m[48;2;199;200;196m▀[0m[38;2;199;200;196m[48;2;199;200;196m▀[0m[38;2;199;200;196m[48;2;199;200;196m▀[0m[38;2;199;200;194m[48;2;199;200;194m▀[0m[38;2;199;200;194m[48;2;199;200;194m▀[0m[38;2;199;200;198m[48;2;199;200;198m▀[0m[38;2;199;200;198m[48;2;199;200;198m▀[0m[38;2;199;200;198m[48;2;199;200;198m▀[0m[38;2;199;200;198m[48;2;199;200;198m▀[0m[38;2;199;200;198m[48;2;199;200;198m▀[0m[38;2;199;200;198m[48;2;199;200;198m▀[0m[38;2;199;200;198m[48;2;199;200;198m▀[0m[38;2;199;200;198m[48;2;199;200;198m▀[0m[38;2;199;200;198m[48;2;199;200;198m▀[0m[38;2;199;200;198m[48;2;199;200;198m▀[0m[38;2;199;200;198m[48;2;199;200;198m▀[0m[38;2;199;200;198m[48;2;199;200;198m▀[0m[38;2;199;200;198m[48;2;199;200;198m▀[0m[38;2;199;200;198m[48;2;199;200;198m▀[0m[38;2;199;200;198m[48;2;199;200;198m▀[0m[38;2;199;200;198m[48;2;199;200;198m▀[0m[38;2;199;200;198m[48;2;199;200;198m▀[0m[38;2;199;200;198m[48;2;199;200;198m▀[0m[38;2;199;200;198m[48;2;199;200;198m▀[0m[38;2;199;200;198m[48;2;199;200;198m▀[0m[38;2;199;200;198m[48;2;199;200;198m▀[0m[38;2;199;200;198m[48;2;199;200;198m▀[0m[38;2;199;200;198m[48;2;199;200;198m▀[0m[38;2;199;200;198m[48;2;199;200;198m▀[0m[38;2;199;200;198m[48;2;199;200;198m▀[0m[38;2;199;200;198m[48;2;199;200;198m▀[0m[38;2;199;200;198m[48;2;199;200;198m▀[0m[38;2;199;200;198m[48;2;199;200;198m▀[0m[38;2;199;200;198m[48;2;199;200;198m▀[0m[38;2;199;200;198m[48;2;199;200;198m▀[0m[38;2;199;200;198m[48;2;199;200;198m▀[0m[38;2;199;200;198m[48;2;199;200;198m▀[0m[38;2;199;200;198m[48;2;199;200;198m▀[0m[38;2;199;200;198m[48;2;198;199;197m▀[0m[38;2;199;200;198m[48;2;198;199;197m▀[0m[38;2;199;200;198m[48;2;198;199;197m▀[0m[38;2;199;200;198m[48;2;198;199;197m▀[0m[38;2;199;200;198m[48;2;198;199;197m▀[0m[38;2;199;200;198m[48;2;198;199;197m▀[0m[38;2;199;200;198m[48;2;198;199;197m▀[0m[38;2;199;200;198m[48;2;198;199;197m▀[0m[38;2;199;200;198m[48;2;198;199;197m▀[0m[38;2;198;199;197m[48;2;197;198;196m▀[0m[38;2;198;199;197m[48;2;197;198;196m▀[0m[38;2;197;198;196m[48;2;197;198;196m▀[0m[38;2;197;198;196m[48;2;196;197;194m▀[0m[38;2;195;196;193m[48;2;194;195;192m▀[0m[38;2;194;195;192m[48;2;193;194;191m▀[0m[38;2;192;193;190m[48;2;191;192;189m▀[0m[38;2;191;192;189m[48;2;190;191;188m▀[0m[38;2;187;189;186m[48;2;185;187;184m▀[0m[38;2;183;185;182m[48;2;182;184;181m▀[0m[38;2;179;181;178m[48;2;177;179;176m▀[0m[38;2;176;178;175m[48;2;175;177;174m▀[0m[38;2;176;178;175m[48;2;176;178;175m▀[0m[38;2;177;179;176m[48;2;177;179;176m▀[0m[38;2;178;180;177m[48;2;178;180;177m▀[0m[38;2;178;180;177m[48;2;177;179;176m▀[0m[38;2;179;181;178m[48;2;179;181;178m▀[0m
[38;2;198;198;198m[48;2;198;198;198m▀[0m[38;2;198;198;198m[48;2;198;198;198m▀[0m[38;2;198;198;198m[48;2;198;198;198m▀[0m[38;2;198;198;198m[48;2;198;198;198m▀[0m[38;2;198;198;198m[48;2;198;198;198m▀[0m[38;2;198;198;198m[48;2;198;198;198m▀[0m[38;2;198;198;198m[48;2;198;198;198m▀[0m[38;2;198;199;197m[48;2;198;199;197m▀[0m[38;2;198;199;197m[48;2;198;199;197m▀[0m[38;2;199;200;198m[48;2;199;200;198m▀[0m[38;2;199;200;198m[48;2;199;200;198m▀[0m[38;2;199;200;196m[48;2;199;200;196m▀[0m[38;2;199;200;196m[48;2;199;200;196m▀[0m[38;2;199;200;196m[48;2;199;200;196m▀[0m[38;2;199;200;196m[48;2;199;200;196m▀[0m[38;2;199;200;194m[48;2;199;200;194m▀[0m[38;2;199;200;194m[48;2;199;200;194m▀[0m[38;2;199;200;198m[48;2;199;200;198m▀[0m[38;2;199;200;198m[48;2;199;200;198m▀[0m[38;2;199;200;198m[48;2;199;200;198m▀[0m[38;2;199;200;198m[48;2;199;200;198m▀[0m[38;2;199;200;198m[48;2;199;200;198m▀[0m[38;2;199;200;198m[48;2;199;200;198m▀[0m[38;2;199;200;198m[48;2;199;200;198m▀[0m[38;2;199;200;198m[48;2;199;200;198m▀[0m[38;2;199;200;198m[48;2;199;200;198m▀[0m[38;2;199;200;198m[48;2;199;200;198m▀[0m[38;2;199;200;198m[48;2;199;200;198m▀[0m[38;2;199;200;198m[48;2;199;200;198m▀[0m[38;2;199;200;198m[48;2;199;200;198m▀[0m[38;2;199;200;198m[48;2;199;200;198m▀[0m[38;2;199;200;198m[48;2;199;200;198m▀[0m[38;2;199;200;198m[48;2;199;200;198m▀[0m[38;2;199;200;198m[48;2;199;200;198m▀[0m[38;2;199;200;198m[48;2;199;200;198m▀[0m[38;2;199;200;198m[48;2;199;200;198m▀[0m[38;2;199;200;198m[48;2;199;200;198m▀[0m[38;2;199;200;198m[48;2;199;200;198m▀[0m[38;2;199;200;198m[48;2;199;200;198m▀[0m[38;2;199;200;198m[48;2;199;200;198m▀[0m[38;2;199;200;198m[48;2;199;200;198m▀[0m[38;2;199;200;198m[48;2;199;200;198m▀[0m[38;2;199;200;198m[48;2;199;200;198m▀[0m[38;2;199;200;198m[48;2;199;200;198m▀[0m[38;2;199;200;198m[48;2;199;200;198m▀[0m[38;2;199;200;198m[48;2;199;200;198m▀[0m[38;2;199;200;198m[48;2;199;200;198m▀[0m[38;2;199;200;198m[48;2;199;200;198m▀[0m[38;2;199;200;198m[48;2;199;200;198m▀[0m[38;2;199;200;198m[48;2;199;200;198m▀[0m[38;2;198;199;197m[48;2;197;198;196m▀[0m[38;2;198;199;197m[48;2;197;198;196m▀[0m[38;2;198;199;197m[48;2;197;198;196m▀[0m[38;2;198;199;197m[48;2;197;198;196m▀[0m[38;2;198;199;197m[48;2;197;198;196m▀[0m[38;2;198;199;197m[48;2;197;198;196m▀[0m[38;2;198;199;197m[48;2;197;198;196m▀[0m[38;2;198;199;197m[48;2;197;198;196m▀[0m[38;2;198;199;197m[48;2;197;198;196m▀[0m[38;2;197;198;196m[48;2;197;198;196m▀[0m[38;2;197;198;196m[48;2;197;198;196m▀[0m[38;2;196;197;194m[48;2;196;197;194m▀[0m[38;2;195;196;193m[48;2;195;196;193m▀[0m[38;2;194;195;192m[48;2;193;194;191m▀[0m[38;2;191;192;189m[48;2;190;191;188m▀[0m[38;2;189;190;187m[48;2;188;189;186m▀[0m[38;2;188;189;186m[48;2;187;188;185m▀[0m[38;2;182;184;181m[48;2;180;182;179m▀[0m[38;2;179;181;178m[48;2;178;180;177m▀[0m[38;2;176;178;175m[48;2;175;177;174m▀[0m[38;2;175;177;174m[48;2;175;177;174m▀[0m[38;2;176;178;175m[48;2;176;178;175m▀[0m[38;2;177;179;176m[48;2;177;179;176m▀[0m[38;2;177;179;176m[48;2;177;179;176m▀[0m[38;2;177;179;176m[48;2;177;179;176m▀[0m[38;2;179;181;178m[48;2;179;181;178m▀[0m
[38;2;198;198;198m[48;2;198;198;198m▀[0m[38;2;198;198;198m[48;2;198;198;198m▀[0m[38;2;198;198;198m[48;2;198;198;198m▀[0m[38;2;198;198;198m[48;2;198;198;198m▀[0m[38;2;198;198;198m[48;2;198;198;198m▀[0m[38;2;198;198;198m[48;2;198;198;198m▀[0m[38;2;198;198;198m[48;2;198;198;198m▀[0m[38;2;198;199;197m[48;2;198;199;197m▀[0m[38;2;198;199;197m[48;2;198;199;197m▀[0m[38;2;199;200;198m[48;2;199;200;198m▀[0m[38;2;199;200;198m[48;2;199;200;198m▀[0m[38;2;199;200;196m[48;2;199;200;196m▀[0m[38;2;199;200;196m[48;2;199;200;196m▀[0m[38;2;199;200;196m[48;2;199;200;196m▀[0m[38;2;199;200;196m[48;2;199;200;196m▀[0m[38;2;199;200;194m[48;2;199;200;194m▀[0m[38;2;199;200;194m[48;2;199;200;194m▀[0m[38;2;199;200;198m[48;2;199;200;198m▀[0m[38;2;199;200;198m[48;2;199;200;198m▀[0m[38;2;199;200;198m[48;2;199;200;198m▀[0m[38;2;199;200;198m[48;2;199;200;198m▀[0m[38;2;199;200;198m[48;2;199;200;198m▀[0m[38;2;199;200;198m[48;2;199;200;198m▀[0m[38;2;199;200;198m[48;2;199;200;198m▀[0m[38;2;199;200;198m[48;2;199;200;198m▀[0m[38;2;199;200;198m[48;2;199;200;198m▀[0m[38;2;199;200;198m[48;2;199;200;198m▀[0m[38;2;199;200;198m[48;2;199;200;198m▀[0m[38;2;199;200;198m[48;2;199;200;198m▀[0m[38;2;199;200;198m[48;2;199;200;198m▀[0m[38;2;199;200;198m[48;2;199;200;198m▀[0m[38;2;199;200;198m[48;2;199;200;198m▀[0m[38;2;199;200;198m[48;2;199;200;198m▀[0m[38;2;199;200;198m[48;2;199;200;198m▀[0m[38;2;199;200;198m[48;2;199;200;198m▀[0m[38;2;199;200;198m[48;2;199;200;198m▀[0m[38;2;199;200;198m[48;2;199;200;198m▀[0m[38;2;199;200;198m[48;2;199;200;198m▀[0m[38;2;199;200;198m[48;2;199;200;198m▀[0m[38;2;199;200;198m[48;2;199;200;198m▀[0m[38;2;199;200;198m[48;2;199;200;198m▀[0m[38;2;199;200;198m[48;2;199;200;198m▀[0m[38;2;199;200;198m[48;2;199;200;198m▀[0m[38;2;199;200;198m[48;2;199;200;198m▀[0m[38;2;199;200;198m[48;2;199;200;198m▀[0m[38;2;199;200;198m[48;2;199;200;198m▀[0m[38;2;199;200;198m[48;2;199;200;198m▀[0m[38;2;199;200;198m[48;2;199;200;198m▀[0m[38;2;199;200;198m[48;2;199;200;198m▀[0m[38;2;199;200;198m[48;2;199;200;198m▀[0m[38;2;197;198;196m[48;2;197;198;196m▀[0m[38;2;197;198;196m[48;2;197;198;196m▀[0m[38;2;197;198;196m[48;2;197;198;196m▀[0m[38;2;197;198;196m[48;2;197;198;196m▀[0m[38;2;197;198;196m[48;2;197;198;196m▀[0m[38;2;197;198;196m[48;2;197;198;196m▀[0m[38;2;197;198;196m[48;2;197;198;196m▀[0m[38;2;197;198;196m[48;2;197;198;196m▀[0m[38;2;197;198;196m[48;2;197;198;196m▀[0m[38;2;197;198;196m[48;2;197;198;196m▀[0m[38;2;196;197;194m[48;2;196;197;194m▀[0m[38;2;196;197;194m[48;2;195;196;193m▀[0m[38;2;194;195;192m[48;2;194;195;192m▀[0m[38;2;192;193;190m[48;2;192;193;190m▀[0m[38;2;190;191;188m[48;2;189;190;187m▀[0m[38;2;187;188;185m[48;2;187;188;185m▀[0m[38;2;186;187;184m[48;2;185;186;183m▀[0m[38;2;178;180;177m[48;2;177;179;176m▀[0m[38;2;176;178;175m[48;2;175;177;174m▀[0m[38;2;174;176;173m[48;2;174;176;173m▀[0m[38;2;174;176;173m[48;2;174;176;173m▀[0m[38;2;176;178;175m[48;2;176;178;175m▀[0m[38;2;177;179;176m[48;2;177;179;176m▀[0m[38;2;177;179;176m[48;2;177;179;176m▀[0m[38;2;177;179;176m[48;2;176;178;175m▀[0m[38;2;179;181;178m[48;2;179;181;178m▀[0m
[38;2;198;198;198m[48;2;198;198;198m▀[0m[38;2;198;198;198m[48;2;198;198;198m▀[0m[38;2;198;198;198m[48;2;198;198;198m▀[0m[38;2;198;198;198m[48;2;198;198;198m▀[0m[38;2;198;198;198m[48;2;198;198;198m▀[0m[38;2;198;198;198m[48;2;198;198;198m▀[0m[38;2;198;198;198m[48;2;198;198;198m▀[0m[38;2;198;199;197m[48;2;198;199;197m▀[0m[38;2;198;199;197m[48;2;198;199;197m▀[0m[38;2;198;199;197m[48;2;198;199;197m▀[0m[38;2;198;199;197m[48;2;198;199;197m▀[0m[38;2;198;199;195m[48;2;198;199;195m▀[0m[38;2;198;199;195m[48;2;198;199;195m▀[0m[38;2;198;199;195m[48;2;198;199;195m▀[0m[38;2;198;199;195m[48;2;198;199;195m▀[0m[38;2;198;199;193m[48;2;198;199;193m▀[0m[38;2;198;199;193m[48;2;198;199;193m▀[0m[38;2;198;199;197m[48;2;198;199;197m▀[0m[38;2;198;199;197m[48;2;198;199;197m▀[0m[38;2;198;199;197m[48;2;198;199;197m▀[0m[38;2;198;199;197m[48;2;198;199;197m▀[0m[38;2;198;199;197m[48;2;198;199;197m▀[0m[38;2;198;199;197m[48;2;198;199;197m▀[0m[38;2;198;199;197m[48;2;198;199;197m▀[0m[38;2;198;199;197m[48;2;198;199;197m▀[0m[38;2;198;199;197m[48;2;198;199;197m▀[0m[38;2;198;199;197m[48;2;198;199;197m▀[0m[38;2;198;199;197m[48;2;198;199;197m▀[0m[38;2;198;199;197m[48;2;198;199;197m▀[0m[38;2;198;199;197m[48;2;198;199;197m▀[0m[38;2;198;199;197m[48;2;198;199;197m▀[0m[38;2;198;199;197m[48;2;198;199;197m▀[0m[38;2;198;199;197m[48;2;198;199;197m▀[0m[38;2;198;199;197m[48;2;198;199;197m▀[0m[38;2;198;199;197m[48;2;198;199;197m▀[0m[38;2;198;199;197m[48;2;198;199;197m▀[0m[38;2;198;199;197m[48;2;198;199;197m▀[0m[38;2;198;199;197m[48;2;198;199;197m▀[0m[38;2;198;199;197m[48;2;198;199;197m▀[0m[38;2;198;199;197m[48;2;198;199;197m▀[0m[38;2;198;199;197m[48;2;198;199;197m▀[0m[38;2;198;199;197m[48;2;198;199;197m▀[0m[38;2;198;199;197m[48;2;198;199;197m▀[0m[38;2;198;199;197m[48;2;198;199;197m▀[0m[38;2;198;199;197m[48;2;198;199;197m▀[0m[38;2;198;199;197m[48;2;198;199;197m▀[0m[38;2;198;199;197m[48;2;198;199;197m▀[0m[38;2;198;199;197m[48;2;198;199;197m▀[0m[38;2;198;199;197m[48;2;198;199;197m▀[0m[38;2;198;199;197m[48;2;198;199;197m▀[0m[38;2;198;199;197m[48;2;198;199;197m▀[0m[38;2;198;199;197m[48;2;198;199;197m▀[0m[38;2;198;199;197m[48;2;198;199;197m▀[0m[38;2;198;199;197m[48;2;198;199;197m▀[0m[38;2;197;198;196m[48;2;197;198;196m▀[0m[38;2;197;198;196m[48;2;197;198;196m▀[0m[38;2;196;197;194m[48;2;196;197;194m▀[0m[38;2;196;197;194m[48;2;196;197;194m▀[0m[38;2;196;197;194m[48;2;196;197;194m▀[0m[38;2;197;198;196m[48;2;197;198;196m▀[0m[38;2;196;197;194m[48;2;196;197;194m▀[0m[38;2;194;195;192m[48;2;194;195;192m▀[0m[38;2;193;194;191m[48;2;193;194;191m▀[0m[38;2;192;193;190m[48;2;192;193;190m▀[0m[38;2;189;190;187m[48;2;189;190;187m▀[0m[38;2;185;186;183m[48;2;184;185;182m▀[0m[38;2;181;182;179m[48;2;181;182;179m▀[0m[38;2;175;177;174m[48;2;175;177;174m▀[0m[38;2;175;177;174m[48;2;175;177;174m▀[0m[38;2;175;177;174m[48;2;175;177;174m▀[0m[38;2;176;178;175m[48;2;176;178;175m▀[0m[38;2;176;178;175m[48;2;176;178;175m▀[0m[38;2;177;179;176m[48;2;177;179;176m▀[0m[38;2;177;179;176m[48;2;177;179;176m▀[0m[38;2;177;179;176m[48;2;177;179;176m▀[0m[38;2;177;179;176m[48;2;177;179;176m▀[0m
[38;2;198;198;198m[48;2;198;198;198m▀[0m[38;2;198;198;198m[48;2;198;198;198m▀[0m[38;2;198;198;198m[48;2;198;198;198m▀[0m[38;2;198;198;198m[48;2;198;198;198m▀[0m[38;2;198;198;198m[48;2;198;198;198m▀[0m[38;2;198;198;198m[48;2;198;198;198m▀[0m[38;2;198;198;198m[48;2;198;198;198m▀[0m[38;2;198;199;197m[48;2;198;199;197m▀[0m[38;2;198;199;197m[48;2;198;199;197m▀[0m[38;2;198;199;197m[48;2;198;199;197m▀[0m[38;2;198;199;197m[48;2;198;199;197m▀[0m[38;2;198;199;195m[48;2;198;199;195m▀[0m[38;2;198;199;195m[48;2;198;199;195m▀[0m[38;2;198;199;195m[48;2;198;199;195m▀[0m[38;2;198;199;195m[48;2;198;199;195m▀[0m[38;2;198;199;193m[48;2;198;199;193m▀[0m[38;2;198;199;193m[48;2;198;199;193m▀[0m[38;2;198;199;197m[48;2;198;199;197m▀[0m[38;2;198;199;197m[48;2;198;199;197m▀[0m[38;2;198;199;197m[48;2;198;199;197m▀[0m[38;2;198;199;197m[48;2;198;199;197m▀[0m[38;2;198;199;197m[48;2;198;199;197m▀[0m[38;2;198;199;197m[48;2;198;199;197m▀[0m[38;2;198;199;197m[48;2;198;199;197m▀[0m[38;2;198;199;197m[48;2;198;199;197m▀[0m[38;2;198;199;197m[48;2;198;199;197m▀[0m[38;2;198;199;197m[48;2;198;199;197m▀[0m[38;2;198;199;197m[48;2;198;199;197m▀[0m[38;2;198;199;197m[48;2;198;199;197m▀[0m[38;2;198;199;197m[48;2;198;199;197m▀[0m[38;2;198;199;197m[48;2;198;199;197m▀[0m[38;2;198;199;197m[48;2;198;199;197m▀[0m[38;2;198;199;197m[48;2;198;199;197m▀[0m[38;2;198;199;197m[48;2;198;199;197m▀[0m[38;2;198;199;197m[48;2;198;199;197m▀[0m[38;2;198;199;197m[48;2;198;199;197m▀[0m[38;2;198;199;197m[48;2;198;199;197m▀[0m[38;2;198;199;197m[48;2;198;199;197m▀[0m[38;2;198;199;197m[48;2;198;199;197m▀[0m[38;2;198;199;197m[48;2;198;199;197m▀[0m[38;2;198;199;197m[48;2;198;199;197m▀[0m[38;2;198;199;197m[48;2;198;199;197m▀[0m[38;2;198;199;197m[48;2;198;199;197m▀[0m[38;2;198;199;197m[48;2;198;199;197m▀[0m[38;2;198;199;197m[48;2;198;199;197m▀[0m[38;2;198;199;197m[48;2;198;199;197m▀[0m[38;2;198;199;197m[48;2;198;199;197m▀[0m[38;2;198;199;197m[48;2;198;199;197m▀[0m[38;2;198;199;197m[48;2;198;199;197m▀[0m[38;2;198;199;197m[48;2;198;199;197m▀[0m[38;2;198;199;197m[48;2;198;199;197m▀[0m[38;2;198;199;197m[48;2;198;199;197m▀[0m[38;2;198;199;197m[48;2;198;199;197m▀[0m[38;2;198;199;197m[48;2;198;199;197m▀[0m[38;2;197;198;196m[48;2;197;198;196m▀[0m[38;2;197;198;196m[48;2;197;198;196m▀[0m[38;2;196;197;194m[48;2;196;197;194m▀[0m[38;2;196;197;194m[48;2;196;197;194m▀[0m[38;2;196;197;194m[48;2;196;197;194m▀[0m[38;2;197;198;196m[48;2;197;198;196m▀[0m[38;2;196;197;194m[48;2;195;196;193m▀[0m[38;2;194;195;192m[48;2;193;194;191m▀[0m[38;2;193;194;191m[48;2;192;193;190m▀[0m[38;2;191;192;189m[48;2;190;191;188m▀[0m[38;2;188;189;186m[48;2;187;188;185m▀[0m[38;2;183;184;181m[48;2;182;183;180m▀[0m[38;2;180;181;178m[48;2;179;180;177m▀[0m[38;2;175;177;174m[48;2;175;177;174m▀[0m[38;2;175;177;174m[48;2;175;177;174m▀[0m[38;2;175;177;174m[48;2;175;177;174m▀[0m[38;2;176;178;175m[48;2;176;178;175m▀[0m[38;2;176;178;175m[48;2;176;178;175m▀[0m[38;2;177;179;176m[48;2;177;179;176m▀[0m[38;2;177;179;176m[48;2;177;179;176m▀[0m[38;2;177;179;176m[48;2;177;179;176m▀[0m[38;2;177;179;176m[48;2;177;179;176m▀[0m
[38;2;198;198;198m[48;2;198;198;198m▀[0m[38;2;198;198;198m[48;2;198;198;198m▀[0m[38;2;198;198;198m[48;2;198;198;198m▀[0m[38;2;198;198;198m[48;2;198;198;198m▀[0m[38;2;198;198;198m[48;2;198;198;198m▀[0m[38;2;198;198;198m[48;2;198;198;198m▀[0m[38;2;198;198;198m[48;2;198;198;198m▀[0m[38;2;198;199;197m[48;2;198;199;197m▀[0m[38;2;198;199;197m[48;2;198;199;197m▀[0m[38;2;198;199;197m[48;2;198;199;197m▀[0m[38;2;198;199;197m[48;2;198;199;197m▀[0m[38;2;198;199;195m[48;2;198;199;195m▀[0m[38;2;198;199;195m[48;2;198;199;195m▀[0m[38;2;198;199;195m[48;2;198;199;195m▀[0m[38;2;198;199;195m[48;2;198;199;195m▀[0m[38;2;198;199;193m[48;2;198;199;193m▀[0m[38;2;198;199;193m[48;2;198;199;193m▀[0m[38;2;198;199;197m[48;2;198;199;197m▀[0m[38;2;198;199;197m[48;2;198;199;197m▀[0m[38;2;198;199;197m[48;2;198;199;197m▀[0m[38;2;198;199;197m[48;2;198;199;197m▀[0m[38;2;198;199;197m[48;2;198;199;197m▀[0m[38;2;198;199;197m[48;2;198;199;197m▀[0m[38;2;198;199;197m[48;2;198;199;197m▀[0m[38;2;198;199;197m[48;2;198;199;197m▀[0m[38;2;198;199;197m[48;2;198;199;197m▀[0m[38;2;198;199;197m[48;2;198;199;197m▀[0m[38;2;198;199;197m[48;2;198;199;197m▀[0m[38;2;198;199;197m[48;2;198;199;197m▀[0m[38;2;198;199;197m[48;2;198;199;197m▀[0m[38;2;198;199;197m[48;2;198;199;197m▀[0m[38;2;198;199;197m[48;2;198;199;197m▀[0m[38;2;198;199;197m[48;2;198;199;197m▀[0m[38;2;198;199;197m[48;2;198;199;197m▀[0m[38;2;198;199;197m[48;2;198;199;197m▀[0m[38;2;198;199;197m[48;2;198;199;197m▀[0m[38;2;198;199;197m[48;2;198;199;197m▀[0m[38;2;198;199;197m[48;2;198;199;197m▀[0m[38;2;198;199;197m[48;2;198;199;197m▀[0m[38;2;198;199;197m[48;2;198;199;197m▀[0m[38;2;198;199;197m[48;2;198;199;197m▀[0m[38;2;198;199;197m[48;2;198;199;197m▀[0m[38;2;198;199;197m[48;2;198;199;197m▀[0m[38;2;198;199;197m[48;2;198;199;197m▀[0m[38;2;198;199;197m[48;2;198;199;197m▀[0m[38;2;198;199;197m[48;2;198;199;197m▀[0m[38;2;198;199;197m[48;2;198;199;197m▀[0m[38;2;198;199;197m[48;2;198;199;197m▀[0m[38;2;198;199;197m[48;2;198;199;197m▀[0m[38;2;198;199;197m[48;2;198;199;197m▀[0m[38;2;198;199;197m[48;2;198;199;197m▀[0m[38;2;198;199;197m[48;2;198;199;197m▀[0m[38;2;198;199;197m[48;2;198;199;197m▀[0m[38;2;198;199;197m[48;2;198;199;197m▀[0m[38;2;197;198;196m[48;2;197;198;196m▀[0m[38;2;197;198;196m[48;2;197;198;196m▀[0m[38;2;196;197;194m[48;2;196;197;194m▀[0m[38;2;196;197;194m[48;2;196;197;194m▀[0m[38;2;196;197;194m[48;2;196;197;194m▀[0m[38;2;197;198;196m[48;2;197;198;196m▀[0m[38;2;195;196;193m[48;2;195;196;193m▀[0m[38;2;193;194;191m[48;2;192;193;190m▀[0m[38;2;191;192;189m[48;2;190;191;188m▀[0m[38;2;189;190;187m[48;2;188;189;186m▀[0m[38;2;186;187;184m[48;2;185;186;183m▀[0m[38;2;181;182;179m[48;2;180;181;178m▀[0m[38;2;177;178;175m[48;2;176;177;174m▀[0m[38;2;175;177;174m[48;2;175;177;174m▀[0m[38;2;175;177;174m[48;2;175;177;174m▀[0m[38;2;175;177;174m[48;2;175;177;174m▀[0m[38;2;176;178;175m[48;2;176;178;175m▀[0m[38;2;176;178;175m[48;2;176;178;175m▀[0m[38;2;177;179;176m[48;2;177;179;176m▀[0m[38;2;177;179;176m[48;2;177;179;176m▀[0m[38;2;177;179;176m[48;2;177;179;176m▀[0m[38;2;177;179;176m[48;2;177;179;176m▀[0m
[38;2;198;198;198m[48;2;198;198;198m▀[0m[38;2;198;198;198m[48;2;198;198;198m▀[0m[38;2;198;198;198m[48;2;198;198;198m▀[0m[38;2;198;198;198m[48;2;198;198;198m▀[0m[38;2;198;198;198m[48;2;198;198;198m▀[0m[38;2;198;198;198m[48;2;198;198;198m▀[0m[38;2;198;198;198m[48;2;198;198;198m▀[0m[38;2;198;199;197m[48;2;198;199;197m▀[0m[38;2;198;199;197m[48;2;198;199;197m▀[0m[38;2;198;199;197m[48;2;198;199;197m▀[0m[38;2;198;199;197m[48;2;198;199;197m▀[0m[38;2;198;199;195m[48;2;198;199;195m▀[0m[38;2;198;199;195m[48;2;198;199;195m▀[0m[38;2;198;199;195m[48;2;198;199;195m▀[0m[38;2;198;199;195m[48;2;198;199;195m▀[0m[38;2;198;199;193m[48;2;198;199;193m▀[0m[38;2;198;199;193m[48;2;198;199;193m▀[0m[38;2;198;199;197m[48;2;198;199;197m▀[0m[38;2;198;199;197m[48;2;198;199;197m▀[0m[38;2;198;199;197m[48;2;198;199;197m▀[0m[38;2;198;199;197m[48;2;198;199;197m▀[0m[38;2;198;199;197m[48;2;198;199;197m▀[0m[38;2;198;199;197m[48;2;198;199;197m▀[0m[38;2;198;199;197m[48;2;198;199;197m▀[0m[38;2;198;199;197m[48;2;198;199;197m▀[0m[38;2;198;199;197m[48;2;198;199;197m▀[0m[38;2;198;199;197m[48;2;198;199;197m▀[0m[38;2;198;199;197m[48;2;198;199;197m▀[0m[38;2;198;199;197m[48;2;198;199;197m▀[0m[38;2;198;199;197m[48;2;198;199;197m▀[0m[38;2;198;199;197m[48;2;198;199;197m▀[0m[38;2;198;199;197m[48;2;198;199;197m▀[0m[38;2;198;199;197m[48;2;198;199;197m▀[0m[38;2;198;199;197m[48;2;198;199;197m▀[0m[38;2;198;199;197m[48;2;198;199;197m▀[0m[38;2;198;199;197m[48;2;198;199;197m▀[0m[38;2;198;199;197m[48;2;198;199;197m▀[0m[38;2;198;199;197m[48;2;198;199;197m▀[0m[38;2;198;199;197m[48;2;198;199;197m▀[0m[38;2;198;199;197m[48;2;198;199;197m▀[0m[38;2;198;199;197m[48;2;198;199;197m▀[0m[38;2;198;199;197m[48;2;198;199;197m▀[0m[38;2;198;199;197m[48;2;198;199;197m▀[0m[38;2;198;199;197m[48;2;198;199;197m▀[0m[38;2;198;199;197m[48;2;198;199;197m▀[0m[38;2;198;199;197m[48;2;198;199;197m▀[0m[38;2;198;199;197m[48;2;198;199;197m▀[0m[38;2;198;199;197m[48;2;198;199;197m▀[0m[38;2;198;199;197m[48;2;198;199;197m▀[0m[38;2;198;199;197m[48;2;198;199;197m▀[0m[38;2;198;199;197m[48;2;198;199;197m▀[0m[38;2;198;199;197m[48;2;198;199;197m▀[0m[38;2;198;199;197m[48;2;198;199;197m▀[0m[38;2;198;199;197m[48;2;198;199;197m▀[0m[38;2;197;198;196m[48;2;197;198;196m▀[0m[38;2;197;198;196m[48;2;197;198;196m▀[0m[38;2;196;197;194m[48;2;196;197;194m▀[0m[38;2;196;197;194m[48;2;196;197;194m▀[0m[38;2;196;197;194m[48;2;196;197;194m▀[0m[38;2;196;197;194m[48;2;196;197;194m▀[0m[38;2;194;195;192m[48;2;194;195;192m▀[0m[38;2;192;193;190m[48;2;192;193;190m▀[0m[38;2;190;191;188m[48;2;190;191;188m▀[0m[38;2;188;189;186m[48;2;187;188;185m▀[0m[38;2;184;185;182m[48;2;183;184;181m▀[0m[38;2;179;180;177m[48;2;178;179;176m▀[0m[38;2;175;176;173m[48;2;174;175;172m▀[0m[38;2;175;177;174m[48;2;175;177;174m▀[0m[38;2;175;177;174m[48;2;175;177;174m▀[0m[38;2;175;177;174m[48;2;175;177;174m▀[0m[38;2;176;178;175m[48;2;176;178;175m▀[0m[38;2;176;178;175m[48;2;176;178;175m▀[0m[38;2;177;179;176m[48;2;177;179;176m▀[0m[38;2;177;179;176m[48;2;177;179;176m▀[0m[38;2;177;179;176m[48;2;177;179;176m▀[0m[38;2;177;179;176m[48;2;177;179;176m▀[0m
[38;2;197;198;196m[48;2;197;198;196m▀[0m[38;2;197;198;196m[48;2;197;198;196m▀[0m[38;2;197;198;196m[48;2;197;198;196m▀[0m[38;2;197;198;196m[48;2;197;198;196m▀[0m[38;2;197;198;196m[48;2;197;198;196m▀[0m[38;2;197;198;196m[48;2;197;198;196m▀[0m[38;2;197;198;196m[48;2;197;198;196m▀[0m[38;2;197;198;196m[48;2;197;198;196m▀[0m[38;2;197;198;196m[48;2;197;198;196m▀[0m[38;2;197;198;196m[48;2;197;198;196m▀[0m[38;2;197;198;196m[48;2;197;198;196m▀[0m[38;2;197;198;196m[48;2;197;198;196m▀[0m[38;2;197;198;196m[48;2;197;198;196m▀[0m[38;2;197;198;196m[48;2;197;198;196m▀[0m[38;2;197;198;196m[48;2;197;198;196m▀[0m[38;2;197;198;196m[48;2;197;198;196m▀[0m[38;2;197;198;196m[48;2;197;198;196m▀[0m[38;2;197;198;196m[48;2;197;198;196m▀[0m[38;2;197;198;196m[48;2;197;198;196m▀[0m[38;2;197;198;196m[48;2;197;198;196m▀[0m[38;2;197;198;196m[48;2;197;198;196m▀[0m[38;2;197;198;196m[48;2;197;198;196m▀[0m[38;2;197;198;196m[48;2;197;198;196m▀[0m[38;2;197;198;196m[48;2;197;198;196m▀[0m[38;2;197;198;196m[48;2;197;198;196m▀[0m[38;2;198;199;197m[48;2;198;199;197m▀[0m[38;2;198;199;197m[48;2;198;199;197m▀[0m[38;2;198;199;197m[48;2;198;199;197m▀[0m[38;2;198;199;197m[48;2;198;199;197m▀[0m[38;2;197;198;196m[48;2;197;198;196m▀[0m[38;2;197;198;196m[48;2;197;198;196m▀[0m[38;2;196;197;194m[48;2;196;197;194m▀[0m[38;2;196;197;194m[48;2;196;197;194m▀[0m[38;2;196;197;194m[48;2;196;197;194m▀[0m[38;2;197;197;197m[48;2;197;197;197m▀[0m[38;2;197;197;197m[48;2;197;197;197m▀[0m[38;2;197;197;197m[48;2;197;197;197m▀[0m[38;2;197;197;197m[48;2;197;197;197m▀[0m[38;2;197;197;197m[48;2;197;197;197m▀[0m[38;2;197;197;197m[48;2;197;197;197m▀[0m[38;2;197;197;197m[48;2;197;197;197m▀[0m[38;2;197;197;197m[48;2;197;197;197m▀[0m[38;2;197;197;197m[48;2;197;197;197m▀[0m[38;2;197;197;197m[48;2;197;197;197m▀[0m[38;2;197;197;197m[48;2;197;197;197m▀[0m[38;2;197;197;197m[48;2;197;197;197m▀[0m[38;2;197;197;197m[48;2;197;197;197m▀[0m[38;2;197;197;197m[48;2;197;197;197m▀[0m[38;2;197;197;197m[48;2;197;197;197m▀[0m[38;2;197;197;197m[48;2;197;197;197m▀[0m[38;2;198;199;197m[48;2;198;199;197m▀[0m[38;2;198;199;197m[48;2;198;199;197m▀[0m[38;2;198;199;197m[48;2;198;199;197m▀[0m[38;2;199;200;198m[48;2;198;199;197m▀[0m[38;2;198;199;197m[48;2;198;199;197m▀[0m[38;2;197;198;196m[48;2;197;198;196m▀[0m[38;2;196;197;194m[48;2;196;197;194m▀[0m[38;2;195;196;193m[48;2;195;196;193m▀[0m[38;2;194;195;192m[48;2;194;195;192m▀[0m[38;2;192;193;190m[48;2;192;193;190m▀[0m[38;2;193;194;191m[48;2;193;194;191m▀[0m[38;2;194;195;192m[48;2;193;194;191m▀[0m[38;2;191;192;189m[48;2;191;192;189m▀[0m[38;2;186;187;184m[48;2;185;186;183m▀[0m[38;2;180;181;178m[48;2;180;181;178m▀[0m[38;2;177;178;175m[48;2;177;178;175m▀[0m[38;2;175;176;173m[48;2;175;176;173m▀[0m[38;2;177;173;172m[48;2;176;172;171m▀[0m[38;2;176;172;171m[48;2;179;175;174m▀[0m[38;2;176;172;171m[48;2;185;181;180m▀[0m[38;2;180;176;175m[48;2;192;188;187m▀[0m[38;2;184;180;179m[48;2;196;192;191m▀[0m[38;2;186;182;181m[48;2;195;191;190m▀[0m[38;2;185;181;180m[48;2;190;186;185m▀[0m[38;2;182;178;177m[48;2;184;180;179m▀[0m[38;2;186;182;181m[48;2;178;174;173m▀[0m
[38;2;197;198;196m[48;2;197;198;196m▀[0m[38;2;197;198;196m[48;2;197;198;196m▀[0m[38;2;197;198;196m[48;2;197;198;196m▀[0m[38;2;197;198;196m[48;2;197;198;196m▀[0m[38;2;197;198;196m[48;2;197;198;196m▀[0m[38;2;197;198;196m[48;2;197;198;196m▀[0m[38;2;197;198;196m[48;2;197;198;196m▀[0m[38;2;197;198;196m[48;2;197;198;196m▀[0m[38;2;197;198;196m[48;2;197;198;196m▀[0m[38;2;197;198;196m[48;2;197;198;196m▀[0m[38;2;197;198;196m[48;2;197;198;196m▀[0m[38;2;197;198;196m[48;2;197;198;196m▀[0m[38;2;197;198;196m[48;2;197;198;196m▀[0m[38;2;197;198;196m[48;2;197;198;196m▀[0m[38;2;197;198;196m[48;2;197;198;196m▀[0m[38;2;197;198;196m[48;2;197;198;196m▀[0m[38;2;197;198;196m[48;2;197;198;196m▀[0m[38;2;197;198;196m[48;2;197;198;196m▀[0m[38;2;197;198;196m[48;2;197;198;196m▀[0m[38;2;197;198;196m[48;2;197;198;196m▀[0m[38;2;197;198;196m[48;2;197;198;196m▀[0m[38;2;197;198;196m[48;2;197;198;196m▀[0m[38;2;197;198;196m[48;2;197;198;196m▀[0m[38;2;197;198;196m[48;2;197;198;196m▀[0m[38;2;197;198;196m[48;2;197;198;196m▀[0m[38;2;198;199;197m[48;2;198;199;197m▀[0m[38;2;198;199;197m[48;2;198;199;197m▀[0m[38;2;198;199;197m[48;2;198;199;197m▀[0m[38;2;198;199;197m[48;2;198;199;197m▀[0m[38;2;197;198;196m[48;2;197;198;196m▀[0m[38;2;197;198;196m[48;2;197;198;196m▀[0m[38;2;196;197;194m[48;2;196;197;194m▀[0m[38;2;196;197;194m[48;2;196;197;194m▀[0m[38;2;196;197;194m[48;2;196;197;194m▀[0m[38;2;197;197;197m[48;2;197;197;197m▀[0m[38;2;197;197;197m[48;2;197;197;197m▀[0m[38;2;197;197;197m[48;2;197;197;197m▀[0m[38;2;197;197;197m[48;2;197;197;197m▀[0m[38;2;197;197;197m[48;2;197;197;197m▀[0m[38;2;197;197;197m[48;2;197;197;197m▀[0m[38;2;197;197;197m[48;2;197;197;197m▀[0m[38;2;197;197;197m[48;2;197;197;197m▀[0m[38;2;197;197;197m[48;2;197;197;197m▀[0m[38;2;197;197;197m[48;2;197;197;197m▀[0m[38;2;197;197;197m[48;2;197;197;197m▀[0m[38;2;197;197;197m[48;2;197;197;197m▀[0m[38;2;197;197;197m[48;2;197;197;197m▀[0m[38;2;197;197;197m[48;2;197;197;197m▀[0m[38;2;197;197;197m[48;2;197;197;197m▀[0m[38;2;197;197;197m[48;2;197;197;197m▀[0m[38;2;198;199;197m[48;2;197;198;196m▀[0m[38;2;198;199;197m[48;2;197;198;196m▀[0m[38;2;198;199;197m[48;2;198;199;197m▀[0m[38;2;198;199;197m[48;2;198;199;197m▀[0m[38;2;198;199;197m[48;2;197;198;196m▀[0m[38;2;197;198;196m[48;2;197;198;196m▀[0m[38;2;196;197;194m[48;2;195;196;193m▀[0m[38;2;194;195;192m[48;2;194;195;192m▀[0m[38;2;194;195;192m[48;2;193;194;191m▀[0m[38;2;192;193;190m[48;2;191;192;189m▀[0m[38;2;193;194;191m[48;2;192;193;190m▀[0m[38;2;193;194;191m[48;2;192;193;190m▀[0m[38;2;190;191;188m[48;2;188;189;186m▀[0m[38;2;184;185;182m[48;2;183;184;181m▀[0m[38;2;179;180;177m[48;2;178;179;176m▀[0m[38;2;176;177;174m[48;2;176;177;174m▀[0m[38;2;175;176;173m[48;2;175;176;173m▀[0m[38;2;178;176;174m[48;2;179;177;175m▀[0m[38;2;176;174;172m[48;2;175;173;171m▀[0m[38;2;176;174;172m[48;2;170;168;166m▀[0m[38;2;179;177;175m[48;2;169;167;165m▀[0m[38;2;186;184;182m[48;2;174;172;170m▀[0m[38;2;194;192;190m[48;2;183;181;179m▀[0m[38;2;201;199;198m[48;2;193;191;189m▀[0m[38;2;204;202;201m[48;2;200;198;197m▀[0m[38;2;196;194;192m[48;2;209;207;206m▀[0m
[38;2;197;198;196m[48;2;197;198;196m▀[0m[38;2;197;198;196m[48;2;197;198;196m▀[0m[38;2;197;198;196m[48;2;197;198;196m▀[0m[38;2;197;198;196m[48;2;197;198;196m▀[0m[38;2;197;198;196m[48;2;197;198;196m▀[0m[38;2;197;198;196m[48;2;197;198;196m▀[0m[38;2;197;198;196m[48;2;197;198;196m▀[0m[38;2;197;198;196m[48;2;197;198;196m▀[0m[38;2;197;198;196m[48;2;197;198;196m▀[0m[38;2;197;198;196m[48;2;197;198;196m▀[0m[38;2;197;198;196m[48;2;197;198;196m▀[0m[38;2;197;198;196m[48;2;197;198;196m▀[0m[38;2;197;198;196m[48;2;197;198;196m▀[0m[38;2;197;198;196m[48;2;197;198;196m▀[0m[38;2;197;198;196m[48;2;197;198;196m▀[0m[38;2;197;198;196m[48;2;197;198;196m▀[0m[38;2;197;198;196m[48;2;197;198;196m▀[0m[38;2;197;198;196m[48;2;197;198;196m▀[0m[38;2;197;198;196m[48;2;197;198;196m▀[0m[38;2;197;198;196m[48;2;197;198;196m▀[0m[38;2;197;198;196m[48;2;197;198;196m▀[0m[38;2;197;198;196m[48;2;197;198;196m▀[0m[38;2;197;198;196m[48;2;197;198;196m▀[0m[38;2;197;198;196m[48;2;197;198;196m▀[0m[38;2;197;198;196m[48;2;197;198;196m▀[0m[38;2;198;199;197m[48;2;198;199;197m▀[0m[38;2;198;199;197m[48;2;198;199;197m▀[0m[38;2;198;199;197m[48;2;198;199;197m▀[0m[38;2;198;199;197m[48;2;198;199;197m▀[0m[38;2;197;198;196m[48;2;197;198;196m▀[0m[38;2;197;198;196m[48;2;197;198;196m▀[0m[38;2;196;197;194m[48;2;196;197;194m▀[0m[38;2;196;197;194m[48;2;196;197;194m▀[0m[38;2;196;197;194m[48;2;196;197;194m▀[0m[38;2;197;197;197m[48;2;197;197;197m▀[0m[38;2;197;197;197m[48;2;197;197;197m▀[0m[38;2;197;197;197m[48;2;197;197;197m▀[0m[38;2;197;197;197m[48;2;197;197;197m▀[0m[38;2;197;197;197m[48;2;197;197;197m▀[0m[38;2;197;197;197m[48;2;197;197;197m▀[0m[38;2;197;197;197m[48;2;197;197;197m▀[0m[38;2;197;197;197m[48;2;197;197;197m▀[0m[38;2;197;197;197m[48;2;197;197;197m▀[0m[38;2;197;197;197m[48;2;197;197;197m▀[0m[38;2;197;197;197m[48;2;197;197;197m▀[0m[38;2;197;197;197m[48;2;197;197;197m▀[0m[38;2;197;197;197m[48;2;197;197;197m▀[0m[38;2;197;197;197m[48;2;197;197;197m▀[0m[38;2;197;197;197m[48;2;197;197;197m▀[0m[38;2;197;197;197m[48;2;197;197;197m▀[0m[38;2;197;198;196m[48;2;197;198;196m▀[0m[38;2;197;198;196m[48;2;197;198;196m▀[0m[38;2;197;198;196m[48;2;197;198;196m▀[0m[38;2;197;198;196m[48;2;197;198;196m▀[0m[38;2;197;198;196m[48;2;197;198;196m▀[0m[38;2;196;197;194m[48;2;196;197;194m▀[0m[38;2;195;196;193m[48;2;195;196;193m▀[0m[38;2;194;195;192m[48;2;193;194;191m▀[0m[38;2;193;194;191m[48;2;193;194;191m▀[0m[38;2;191;192;189m[48;2;191;192;189m▀[0m[38;2;192;193;190m[48;2;191;192;189m▀[0m[38;2;190;191;188m[48;2;189;190;187m▀[0m[38;2;187;188;185m[48;2;185;186;183m▀[0m[38;2;181;182;179m[48;2;180;181;178m▀[0m[38;2;177;178;175m[48;2;176;177;174m▀[0m[38;2;175;176;173m[48;2;175;176;173m▀[0m[38;2;175;176;173m[48;2;175;176;173m▀[0m[38;2;175;173;171m[48;2;176;174;172m▀[0m[38;2;177;175;173m[48;2;179;177;175m▀[0m[38;2;180;178;176m[48;2;181;179;177m▀[0m[38;2;182;180;178m[48;2;182;180;178m▀[0m[38;2;180;178;176m[48;2;182;180;178m▀[0m[38;2;177;175;173m[48;2;181;179;177m▀[0m[38;2;174;172;170m[48;2;182;180;178m▀[0m[38;2;171;169;167m[48;2;183;181;179m▀[0m[38;2;189;187;185m[48;2;179;177;175m▀[0m
[38;2;197;198;196m[48;2;197;198;196m▀[0m[38;2;197;198;196m[48;2;197;198;196m▀[0m[38;2;197;198;196m[48;2;197;198;196m▀[0m[38;2;197;198;196m[48;2;197;198;196m▀[0m[38;2;197;198;196m[48;2;197;198;196m▀[0m[38;2;197;198;196m[48;2;197;198;196m▀[0m[38;2;197;198;196m[48;2;197;198;196m▀[0m[38;2;197;198;196m[48;2;197;198;196m▀[0m[38;2;197;198;196m[48;2;197;198;196m▀[0m[38;2;197;198;196m[48;2;197;198;196m▀[0m[38;2;197;198;196m[48;2;197;198;196m▀[0m[38;2;197;198;196m[48;2;197;198;196m▀[0m[38;2;197;198;196m[48;2;197;198;196m▀[0m[38;2;197;198;196m[48;2;197;198;196m▀[0m[38;2;197;198;196m[48;2;197;198;196m▀[0m[38;2;197;198;196m[48;2;197;198;196m▀[0m[38;2;197;198;196m[48;2;197;198;196m▀[0m[38;2;197;198;196m[48;2;197;198;196m▀[0m[38;2;197;198;196m[48;2;197;198;196m▀[0m[38;2;197;198;196m[48;2;197;198;196m▀[0m[38;2;197;198;196m[48;2;197;198;196m▀[0m[38;2;197;198;196m[48;2;197;198;196m▀[0m[38;2;197;198;196m[48;2;197;198;196m▀[0m[38;2;197;198;196m[48;2;197;198;196m▀[0m[38;2;197;198;196m[48;2;197;198;196m▀[0m[38;2;198;199;197m[48;2;198;199;197m▀[0m[38;2;198;199;197m[48;2;198;199;197m▀[0m[38;2;198;199;197m[48;2;198;199;197m▀[0m[38;2;198;199;197m[48;2;198;199;197m▀[0m[38;2;197;198;196m[48;2;197;198;196m▀[0m[38;2;197;198;196m[48;2;197;198;196m▀[0m[38;2;196;197;194m[48;2;196;197;194m▀[0m[38;2;196;197;194m[48;2;196;197;194m▀[0m[38;2;196;197;194m[48;2;196;197;194m▀[0m[38;2;197;197;197m[48;2;197;197;197m▀[0m[38;2;197;197;197m[48;2;197;197;197m▀[0m[38;2;197;197;197m[48;2;197;197;197m▀[0m[38;2;197;197;197m[48;2;197;197;197m▀[0m[38;2;197;197;197m[48;2;197;197;197m▀[0m[38;2;197;197;197m[48;2;197;197;197m▀[0m[38;2;197;197;197m[48;2;197;197;197m▀[0m[38;2;197;197;197m[48;2;197;197;197m▀[0m[38;2;197;197;197m[48;2;197;197;197m▀[0m[38;2;197;197;197m[48;2;197;197;197m▀[0m[38;2;197;197;197m[48;2;197;197;197m▀[0m[38;2;197;197;197m[48;2;197;197;197m▀[0m[38;2;197;197;197m[48;2;197;197;197m▀[0m[38;2;197;197;197m[48;2;197;197;197m▀[0m[38;2;197;197;197m[48;2;197;197;197m▀[0m[38;2;197;197;197m[48;2;197;197;197m▀[0m[38;2;196;197;194m[48;2;196;197;194m▀[0m[38;2;196;197;194m[48;2;196;197;194m▀[0m[38;2;197;198;196m[48;2;196;197;194m▀[0m[38;2;197;198;196m[48;2;196;197;194m▀[0m[38;2;196;197;194m[48;2;196;197;194m▀[0m[38;2;196;197;194m[48;2;195;196;193m▀[0m[38;2;194;195;192m[48;2;194;195;192m▀[0m[38;2;193;194;191m[48;2;193;194;191m▀[0m[38;2;192;193;190m[48;2;192;193;190m▀[0m[38;2;191;192;189m[48;2;191;192;189m▀[0m[38;2;191;192;189m[48;2;190;191;188m▀[0m[38;2;189;190;187m[48;2;188;189;186m▀[0m[38;2;184;185;182m[48;2;184;185;182m▀[0m[38;2;179;180;177m[48;2;179;180;177m▀[0m[38;2;175;176;173m[48;2;175;176;173m▀[0m[38;2;174;175;172m[48;2;174;175;172m▀[0m[38;2;175;176;173m[48;2;175;176;173m▀[0m[38;2;177;178;175m[48;2;173;174;171m▀[0m[38;2;176;177;174m[48;2;177;178;175m▀[0m[38;2;174;175;172m[48;2;180;181;178m▀[0m[38;2;173;174;171m[48;2;181;182;179m▀[0m[38;2;175;176;173m[48;2;180;181;178m▀[0m[38;2;182;183;180m[48;2;180;181;178m▀[0m[38;2;193;194;191m[48;2;183;184;181m▀[0m[38;2;201;202;200m[48;2;185;186;183m▀[0m[38;2;190;191;188m[48;2;198;199;197m▀[0m
[38;2;197;198;196m[48;2;197;198;196m▀[0m[38;2;197;198;196m[48;2;197;198;196m▀[0m[38;2;197;198;196m[48;2;197;198;196m▀[0m[38;2;197;198;196m[48;2;197;198;196m▀[0m[38;2;197;198;196m[48;2;197;198;196m▀[0m[38;2;197;198;196m[48;2;197;198;196m▀[0m[38;2;197;198;196m[48;2;197;198;196m▀[0m[38;2;197;198;196m[48;2;197;198;196m▀[0m[38;2;197;198;196m[48;2;197;198;196m▀[0m[38;2;197;198;196m[48;2;197;198;196m▀[0m[38;2;197;198;196m[48;2;197;198;196m▀[0m[38;2;197;198;196m[48;2;197;198;196m▀[0m[38;2;197;198;196m[48;2;197;198;196m▀[0m[38;2;197;198;196m[48;2;197;198;196m▀[0m[38;2;197;198;196m[48;2;197;198;196m▀[0m[38;2;197;198;196m[48;2;197;198;196m▀[0m[38;2;197;198;196m[48;2;197;198;196m▀[0m[38;2;197;198;196m[48;2;197;198;196m▀[0m[38;2;197;198;196m[48;2;197;198;196m▀[0m[38;2;197;198;196m[48;2;197;198;196m▀[0m[38;2;197;198;196m[48;2;197;198;196m▀[0m[38;2;197;198;196m[48;2;197;198;196m▀[0m[38;2;197;198;196m[48;2;197;198;196m▀[0m[38;2;197;198;196m[48;2;197;198;196m▀[0m[38;2;197;198;196m[48;2;197;198;196m▀[0m[38;2;197;198;196m[48;2;197;198;196m▀[0m[38;2;197;198;196m[48;2;197;198;196m▀[0m[38;2;197;198;196m[48;2;197;198;196m▀[0m[38;2;197;198;196m[48;2;197;198;196m▀[0m[38;2;197;198;196m[48;2;197;198;196m▀[0m[38;2;197;198;196m[48;2;197;198;196m▀[0m[38;2;197;198;196m[48;2;197;198;196m▀[0m[38;2;197;198;196m[48;2;197;198;196m▀[0m[38;2;197;198;196m[48;2;197;198;196m▀[0m[38;2;197;197;197m[48;2;197;197;197m▀[0m[38;2;197;197;197m[48;2;197;197;197m▀[0m[38;2;197;197;197m[48;2;197;197;197m▀[0m[38;2;197;197;197m[48;2;197;197;197m▀[0m[38;2;197;197;197m[48;2;197;197;197m▀[0m[38;2;197;197;197m[48;2;197;197;197m▀[0m[38;2;197;197;197m[48;2;197;197;197m▀[0m[38;2;197;197;197m[48;2;197;197;197m▀[0m[38;2;197;197;197m[48;2;197;197;197m▀[0m[38;2;197;197;197m[48;2;197;197;197m▀[0m[38;2;197;197;197m[48;2;197;197;197m▀[0m[38;2;197;197;197m[48;2;197;197;197m▀[0m[38;2;197;197;197m[48;2;197;197;197m▀[0m[38;2;197;197;197m[48;2;197;197;197m▀[0m[38;2;197;197;197m[48;2;197;197;197m▀[0m[38;2;197;197;197m[48;2;197;197;197m▀[0m[38;2;197;198;196m[48;2;197;198;196m▀[0m[38;2;197;198;196m[48;2;197;198;196m▀[0m[38;2;197;198;196m[48;2;197;198;196m▀[0m[38;2;196;197;194m[48;2;196;197;194m▀[0m[38;2;196;197;194m[48;2;196;197;194m▀[0m[38;2;196;197;194m[48;2;196;197;194m▀[0m[38;2;196;197;194m[48;2;195;196;193m▀[0m[38;2;195;196;193m[48;2;195;196;193m▀[0m[38;2;195;196;193m[48;2;195;196;193m▀[0m[38;2;193;194;191m[48;2;193;194;191m▀[0m[38;2;192;193;190m[48;2;191;192;189m▀[0m[38;2;189;190;187m[48;2;187;188;185m▀[0m[38;2;183;184;181m[48;2;181;182;179m▀[0m[38;2;178;179;176m[48;2;177;178;175m▀[0m[38;2;174;175;172m[48;2;175;176;173m▀[0m[38;2;173;174;171m[48;2;175;176;173m▀[0m[38;2;174;175;172m[48;2;176;177;174m▀[0m[38;2;176;177;174m[48;2;175;176;173m▀[0m[38;2;178;179;176m[48;2;176;177;174m▀[0m[38;2;181;182;179m[48;2;177;178;175m▀[0m[38;2;186;187;184m[48;2;180;181;178m▀[0m[38;2;191;192;189m[48;2;183;184;181m▀[0m[38;2;196;197;194m[48;2;186;187;184m▀[0m[38;2;199;200;198m[48;2;189;190;187m▀[0m[38;2;201;202;200m[48;2;191;192;189m▀[0m[38;2;200;201;199m[48;2;189;190;187m▀[0m
[38;2;197;198;196m[48;2;197;198;196m▀[0m[38;2;197;198;196m[48;2;197;198;196m▀[0m[38;2;197;198;196m[48;2;197;198;196m▀[0m[38;2;197;198;196m[48;2;197;198;196m▀[0m[38;2;197;198;196m[48;2;197;198;196m▀[0m[38;2;197;198;196m[48;2;197;198;196m▀[0m[38;2;197;198;196m[48;2;197;198;196m▀[0m[38;2;197;198;196m[48;2;197;198;196m▀[0m[38;2;197;198;196m[48;2;197;198;196m▀[0m[38;2;197;198;196m[48;2;197;198;196m▀[0m[38;2;197;198;196m[48;2;197;198;196m▀[0m[38;2;197;198;196m[48;2;197;198;196m▀[0m[38;2;197;198;196m[48;2;197;198;196m▀[0m[38;2;197;198;196m[48;2;197;198;196m▀[0m[38;2;197;198;196m[48;2;197;198;196m▀[0m[38;2;197;198;196m[48;2;197;198;196m▀[0m[38;2;197;198;196m[48;2;197;198;196m▀[0m[38;2;197;198;196m[48;2;197;198;196m▀[0m[38;2;197;198;196m[48;2;197;198;196m▀[0m[38;2;197;198;196m[48;2;197;198;196m▀[0m[38;2;197;198;196m[48;2;197;198;196m▀[0m[38;2;197;198;196m[48;2;197;198;196m▀[0m[38;2;197;198;196m[48;2;197;198;196m▀[0m[38;2;197;198;196m[48;2;197;198;196m▀[0m[38;2;197;198;196m[48;2;197;198;196m▀[0m[38;2;197;198;196m[48;2;197;198;196m▀[0m[38;2;197;198;196m[48;2;197;198;196m▀[0m[38;2;197;198;196m[48;2;197;198;196m▀[0m[38;2;197;198;196m[48;2;197;198;196m▀[0m[38;2;197;198;196m[48;2;197;198;196m▀[0m[38;2;197;198;196m[48;2;197;198;196m▀[0m[38;2;197;198;196m[48;2;197;198;196m▀[0m[38;2;197;198;196m[48;2;197;198;196m▀[0m[38;2;197;198;196m[48;2;197;198;196m▀[0m[38;2;197;197;197m[48;2;197;197;197m▀[0m[38;2;197;197;197m[48;2;197;197;197m▀[0m[38;2;197;197;197m[48;2;197;197;197m▀[0m[38;2;197;197;197m[48;2;197;197;197m▀[0m[38;2;197;197;197m[48;2;197;197;197m▀[0m[38;2;197;197;197m[48;2;197;197;197m▀[0m[38;2;197;197;197m[48;2;197;197;197m▀[0m[38;2;197;197;197m[48;2;197;197;197m▀[0m[38;2;197;197;197m[48;2;197;197;197m▀[0m[38;2;197;197;197m[48;2;197;197;197m▀[0m[38;2;197;197;197m[48;2;197;197;197m▀[0m[38;2;197;197;197m[48;2;197;197;197m▀[0m[38;2;197;197;197m[48;2;197;197;197m▀[0m[38;2;197;197;197m[48;2;197;197;197m▀[0m[38;2;197;197;197m[48;2;197;197;197m▀[0m[38;2;197;197;197m[48;2;197;197;197m▀[0m[38;2;197;198;196m[48;2;197;198;196m▀[0m[38;2;197;198;196m[48;2;197;198;196m▀[0m[38;2;197;198;196m[48;2;197;198;196m▀[0m[38;2;196;197;194m[48;2;196;197;194m▀[0m[38;2;196;197;194m[48;2;196;197;194m▀[0m[38;2;195;196;193m[48;2;195;196;193m▀[0m[38;2;195;196;193m[48;2;194;195;192m▀[0m[38;2;195;196;193m[48;2;194;195;192m▀[0m[38;2;194;195;192m[48;2;193;194;191m▀[0m[38;2;192;193;190m[48;2;191;192;189m▀[0m[38;2;189;190;187m[48;2;187;188;185m▀[0m[38;2;184;185;182m[48;2;180;181;178m▀[0m[38;2;179;180;177m[48;2;176;177;174m▀[0m[38;2;176;177;174m[48;2;175;176;173m▀[0m[38;2;175;176;173m[48;2;176;177;174m▀[0m[38;2;177;178;175m[48;2;178;179;176m▀[0m[38;2;178;179;176m[48;2;179;180;177m▀[0m[38;2;175;177;174m[48;2;178;180;177m▀[0m[38;2;175;177;174m[48;2;177;179;176m▀[0m[38;2;174;176;173m[48;2;177;179;176m▀[0m[38;2;176;178;175m[48;2;178;180;177m▀[0m[38;2;178;180;177m[48;2;182;184;181m▀[0m[38;2;182;184;181m[48;2;187;189;186m▀[0m[38;2;186;188;185m[48;2;192;194;191m▀[0m[38;2;188;190;187m[48;2;196;198;196m▀[0m[38;2;182;184;181m[48;2;193;195;192m▀[0m
[38;2;197;198;196m[48;2;197;198;196m▀[0m[38;2;197;198;196m[48;2;197;198;196m▀[0m[38;2;197;198;196m[48;2;197;198;196m▀[0m[38;2;197;198;196m[48;2;197;198;196m▀[0m[38;2;197;198;196m[48;2;197;198;196m▀[0m[38;2;197;198;196m[48;2;197;198;196m▀[0m[38;2;197;198;196m[48;2;197;198;196m▀[0m[38;2;197;198;196m[48;2;197;198;196m▀[0m[38;2;197;198;196m[48;2;197;198;196m▀[0m[38;2;197;198;196m[48;2;197;198;196m▀[0m[38;2;197;198;196m[48;2;197;198;196m▀[0m[38;2;197;198;196m[48;2;197;198;196m▀[0m[38;2;197;198;196m[48;2;197;198;196m▀[0m[38;2;197;198;196m[48;2;197;198;196m▀[0m[38;2;197;198;196m[48;2;197;198;196m▀[0m[38;2;197;198;196m[48;2;197;198;196m▀[0m[38;2;197;198;196m[48;2;197;198;196m▀[0m[38;2;197;198;196m[48;2;197;198;196m▀[0m[38;2;197;198;196m[48;2;197;198;196m▀[0m[38;2;197;198;196m[48;2;197;198;196m▀[0m[38;2;197;198;196m[48;2;197;198;196m▀[0m[38;2;197;198;196m[48;2;197;198;196m▀[0m[38;2;197;198;196m[48;2;197;198;196m▀[0m[38;2;197;198;196m[48;2;197;198;196m▀[0m[38;2;197;198;196m[48;2;197;198;196m▀[0m[38;2;197;198;196m[48;2;197;198;196m▀[0m[38;2;197;198;196m[48;2;197;198;196m▀[0m[38;2;197;198;196m[48;2;197;198;196m▀[0m[38;2;197;198;196m[48;2;197;198;196m▀[0m[38;2;197;198;196m[48;2;197;198;196m▀[0m[38;2;197;198;196m[48;2;197;198;196m▀[0m[38;2;197;198;196m[48;2;197;198;196m▀[0m[38;2;197;198;196m[48;2;197;198;196m▀[0m[38;2;197;198;196m[48;2;197;198;196m▀[0m[38;2;197;197;197m[48;2;197;197;197m▀[0m[38;2;197;197;197m[48;2;197;197;197m▀[0m[38;2;197;197;197m[48;2;197;197;197m▀[0m[38;2;197;197;197m[48;2;197;197;197m▀[0m[38;2;197;197;197m[48;2;197;197;197m▀[0m[38;2;197;197;197m[48;2;197;197;197m▀[0m[38;2;197;197;197m[48;2;197;197;197m▀[0m[38;2;197;197;197m[48;2;197;197;197m▀[0m[38;2;197;197;197m[48;2;197;197;197m▀[0m[38;2;197;197;197m[48;2;197;197;197m▀[0m[38;2;197;197;197m[48;2;197;197;197m▀[0m[38;2;197;197;197m[48;2;197;197;197m▀[0m[38;2;197;197;197m[48;2;197;197;197m▀[0m[38;2;197;197;197m[48;2;197;197;197m▀[0m[38;2;197;197;197m[48;2;197;197;197m▀[0m[38;2;197;197;197m[48;2;197;197;197m▀[0m[38;2;197;198;196m[48;2;197;198;196m▀[0m[38;2;197;198;196m[48;2;197;198;196m▀[0m[38;2;197;198;196m[48;2;197;198;196m▀[0m[38;2;196;197;194m[48;2;196;197;194m▀[0m[38;2;195;196;193m[48;2;195;196;193m▀[0m[38;2;194;195;192m[48;2;194;195;192m▀[0m[38;2;193;194;191m[48;2;193;194;191m▀[0m[38;2;193;194;191m[48;2;192;193;190m▀[0m[38;2;192;193;190m[48;2;192;193;190m▀[0m[38;2;190;191;188m[48;2;189;190;187m▀[0m[38;2;185;186;183m[48;2;183;184;181m▀[0m[38;2;178;179;176m[48;2;177;178;175m▀[0m[38;2;174;175;172m[48;2;174;175;172m▀[0m[38;2;175;176;173m[48;2;176;177;174m▀[0m[38;2;177;178;175m[48;2;178;179;176m▀[0m[38;2;179;180;177m[48;2;178;179;176m▀[0m[38;2;179;180;177m[48;2;177;178;175m▀[0m[38;2;179;181;178m[48;2;179;181;178m▀[0m[38;2;179;181;178m[48;2;178;180;177m▀[0m[38;2;178;180;177m[48;2;176;178;175m▀[0m[38;2;179;181;178m[48;2;175;177;174m▀[0m[38;2;181;183;180m[48;2;176;178;175m▀[0m[38;2;186;188;185m[48;2;178;180;177m▀[0m[38;2;191;193;190m[48;2;181;183;180m▀[0m[38;2;194;196;193m[48;2;182;184;181m▀[0m[38;2;203;205;203m[48;2;194;196;193m▀[0m
[38;2;197;198;196m[48;2;197;198;196m▀[0m[38;2;197;198;196m[48;2;197;198;196m▀[0m[38;2;197;198;196m[48;2;197;198;196m▀[0m[38;2;197;198;196m[48;2;197;198;196m▀[0m[38;2;197;198;196m[48;2;197;198;196m▀[0m[38;2;197;198;196m[48;2;197;198;196m▀[0m[38;2;197;198;196m[48;2;197;198;196m▀[0m[38;2;197;198;196m[48;2;197;198;196m▀[0m[38;2;197;198;196m[48;2;197;198;196m▀[0m[38;2;197;198;196m[48;2;197;198;196m▀[0m[38;2;197;198;196m[48;2;197;198;196m▀[0m[38;2;197;198;196m[48;2;197;198;196m▀[0m[38;2;197;198;196m[48;2;197;198;196m▀[0m[38;2;197;198;196m[48;2;197;198;196m▀[0m[38;2;197;198;196m[48;2;197;198;196m▀[0m[38;2;197;198;196m[48;2;197;198;196m▀[0m[38;2;197;198;196m[48;2;197;198;196m▀[0m[38;2;197;198;196m[48;2;197;198;196m▀[0m[38;2;197;198;196m[48;2;197;198;196m▀[0m[38;2;197;198;196m[48;2;197;198;196m▀[0m[38;2;197;198;196m[48;2;197;198;196m▀[0m[38;2;197;198;196m[48;2;197;198;196m▀[0m[38;2;197;198;196m[48;2;197;198;196m▀[0m[38;2;197;198;196m[48;2;197;198;196m▀[0m[38;2;197;198;196m[48;2;197;198;196m▀[0m[38;2;197;198;196m[48;2;197;198;196m▀[0m[38;2;197;198;196m[48;2;197;198;196m▀[0m[38;2;197;198;196m[48;2;197;198;196m▀[0m[38;2;197;198;196m[48;2;197;198;196m▀[0m[38;2;197;198;196m[48;2;197;198;196m▀[0m[38;2;197;198;196m[48;2;197;198;196m▀[0m[38;2;197;198;196m[48;2;197;198;196m▀[0m[38;2;197;198;196m[48;2;197;198;196m▀[0m[38;2;197;198;196m[48;2;197;198;196m▀[0m[38;2;197;197;197m[48;2;197;197;197m▀[0m[38;2;197;197;197m[48;2;197;197;197m▀[0m[38;2;197;197;197m[48;2;197;197;197m▀[0m[38;2;197;197;197m[48;2;197;197;197m▀[0m[38;2;197;197;197m[48;2;197;197;197m▀[0m[38;2;197;197;197m[48;2;197;197;197m▀[0m[38;2;197;197;197m[48;2;197;197;197m▀[0m[38;2;197;197;197m[48;2;197;197;197m▀[0m[38;2;197;197;197m[48;2;197;197;197m▀[0m[38;2;197;197;197m[48;2;197;197;197m▀[0m[38;2;197;197;197m[48;2;197;197;197m▀[0m[38;2;197;197;197m[48;2;197;197;197m▀[0m[38;2;197;197;197m[48;2;197;197;197m▀[0m[38;2;197;197;197m[48;2;197;197;197m▀[0m[38;2;197;197;197m[48;2;197;197;197m▀[0m[38;2;197;197;197m[48;2;197;197;197m▀[0m[38;2;197;198;196m[48;2;197;198;196m▀[0m[38;2;197;198;196m[48;2;197;198;196m▀[0m[38;2;197;198;196m[48;2;197;198;196m▀[0m[38;2;196;197;194m[48;2;196;197;194m▀[0m[38;2;195;196;193m[48;2;195;196;193m▀[0m[38;2;193;194;191m[48;2;193;194;191m▀[0m[38;2;192;193;190m[48;2;192;193;190m▀[0m[38;2;191;192;189m[48;2;191;192;189m▀[0m[38;2;191;192;189m[48;2;190;191;188m▀[0m[38;2;188;189;186m[48;2;188;189;186m▀[0m[38;2;182;183;180m[48;2;182;183;180m▀[0m[38;2;176;177;174m[48;2;176;177;174m▀[0m[38;2;175;176;173m[48;2;175;176;173m▀[0m[38;2;177;178;175m[48;2;178;179;176m▀[0m[38;2;178;179;176m[48;2;178;179;176m▀[0m[38;2;176;177;174m[48;2;175;176;173m▀[0m[38;2;173;174;171m[48;2;171;172;169m▀[0m[38;2;175;180;176m[48;2;173;178;174m▀[0m[38;2;174;179;175m[48;2;174;179;175m▀[0m[38;2;174;179;175m[48;2;175;180;176m▀[0m[38;2;173;178;174m[48;2;176;181;177m▀[0m[38;2;174;179;175m[48;2;178;183;179m▀[0m[38;2;174;179;175m[48;2;179;184;180m▀[0m[38;2;175;180;176m[48;2;180;185;181m▀[0m[38;2;176;181;177m[48;2;181;186;182m▀[0m[38;2;184;189;185m[48;2;190;195;191m▀[0m
[38;2;197;197;197m[48;2;197;197;197m▀[0m[38;2;197;197;197m[48;2;197;197;197m▀[0m[38;2;197;197;197m[48;2;197;197;197m▀[0m[38;2;197;197;197m[48;2;197;197;197m▀[0m[38;2;197;197;197m[48;2;197;197;197m▀[0m[38;2;197;197;197m[48;2;197;197;197m▀[0m[38;2;197;197;197m[48;2;197;197;197m▀[0m[38;2;197;197;197m[48;2;197;197;197m▀[0m[38;2;197;197;197m[48;2;197;197;197m▀[0m[38;2;197;197;197m[48;2;197;197;197m▀[0m[38;2;197;197;197m[48;2;197;197;197m▀[0m[38;2;197;197;197m[48;2;197;197;197m▀[0m[38;2;197;197;197m[48;2;197;197;197m▀[0m[38;2;197;197;197m[48;2;197;197;197m▀[0m[38;2;197;197;197m[48;2;197;197;197m▀[0m[38;2;197;197;197m[48;2;197;197;197m▀[0m[38;2;197;197;197m[48;2;197;197;197m▀[0m[38;2;197;198;196m[48;2;197;198;196m▀[0m[38;2;197;198;196m[48;2;197;198;196m▀[0m[38;2;197;198;196m[48;2;197;198;196m▀[0m[38;2;197;198;196m[48;2;197;198;196m▀[0m[38;2;197;198;196m[48;2;197;198;196m▀[0m[38;2;197;198;196m[48;2;197;198;196m▀[0m[38;2;197;198;196m[48;2;197;198;196m▀[0m[38;2;197;198;196m[48;2;197;198;196m▀[0m[38;2;197;198;196m[48;2;197;198;196m▀[0m[38;2;197;198;196m[48;2;197;198;196m▀[0m[38;2;197;198;196m[48;2;197;198;196m▀[0m[38;2;197;198;196m[48;2;197;198;196m▀[0m[38;2;197;198;196m[48;2;197;198;196m▀[0m[38;2;197;198;196m[48;2;197;198;196m▀[0m[38;2;197;198;196m[48;2;197;198;196m▀[0m[38;2;197;198;196m[48;2;197;198;196m▀[0m[38;2;197;198;196m[48;2;197;198;196m▀[0m[38;2;197;197;197m[48;2;197;197;197m▀[0m[38;2;197;197;197m[48;2;197;197;197m▀[0m[38;2;197;197;197m[48;2;197;197;197m▀[0m[38;2;197;197;197m[48;2;197;197;197m▀[0m[38;2;197;197;197m[48;2;197;197;197m▀[0m[38;2;197;197;197m[48;2;197;197;197m▀[0m[38;2;197;197;197m[48;2;197;197;197m▀[0m[38;2;197;197;197m[48;2;197;197;197m▀[0m[38;2;197;197;197m[48;2;197;197;197m▀[0m[38;2;197;197;197m[48;2;197;197;197m▀[0m[38;2;197;197;197m[48;2;197;197;197m▀[0m[38;2;197;197;197m[48;2;197;197;197m▀[0m[38;2;197;197;197m[48;2;197;197;197m▀[0m[38;2;197;197;197m[48;2;197;197;197m▀[0m[38;2;197;197;197m[48;2;197;197;197m▀[0m[38;2;197;197;197m[48;2;197;197;197m▀[0m[38;2;198;200;198m[48;2;197;199;197m▀[0m[38;2;198;200;198m[48;2;197;199;197m▀[0m[38;2;197;199;197m[48;2;196;198;196m▀[0m[38;2;195;197;194m[48;2;195;197;194m▀[0m[38;2;193;195;192m[48;2;193;195;192m▀[0m[38;2;192;194;191m[48;2;191;193;190m▀[0m[38;2;191;193;190m[48;2;190;192;189m▀[0m[38;2;190;192;189m[48;2;190;192;189m▀[0m[38;2;190;192;189m[48;2;189;191;188m▀[0m[38;2;187;189;186m[48;2;186;188;185m▀[0m[38;2;184;186;183m[48;2;182;184;181m▀[0m[38;2;179;181;178m[48;2;177;179;176m▀[0m[38;2;176;178;175m[48;2;173;175;172m▀[0m[38;2;175;177;174m[48;2;172;174;171m▀[0m[38;2;177;179;176m[48;2;173;175;172m▀[0m[38;2;180;182;179m[48;2;176;178;175m▀[0m[38;2;182;184;181m[48;2;179;181;178m▀[0m[38;2;176;176;178m[48;2;178;178;180m▀[0m[38;2;176;176;178m[48;2;178;178;180m▀[0m[38;2;178;178;180m[48;2;178;178;180m▀[0m[38;2;180;180;182m[48;2;179;179;181m▀[0m[38;2;183;183;183m[48;2;181;181;181m▀[0m[38;2;186;186;186m[48;2;184;184;184m▀[0m[38;2;190;188;188m[48;2;188;186;186m▀[0m[38;2;192;190;190m[48;2;190;188;188m▀[0m[38;2;195;193;191m[48;2;194;192;190m▀[0m
[38;2;197;197;197m[48;2;197;197;197m▀[0m[38;2;197;197;197m[48;2;197;197;197m▀[0m[38;2;197;197;197m[48;2;197;197;197m▀[0m[38;2;197;197;197m[48;2;197;197;197m▀[0m[38;2;197;197;197m[48;2;197;197;197m▀[0m[38;2;197;197;197m[48;2;197;197;197m▀[0m[38;2;197;197;197m[48;2;197;197;197m▀[0m[38;2;197;197;197m[48;2;197;197;197m▀[0m[38;2;197;197;197m[48;2;197;197;197m▀[0m[38;2;197;197;197m[48;2;197;197;197m▀[0m[38;2;197;197;197m[48;2;197;197;197m▀[0m[38;2;197;197;197m[48;2;197;197;197m▀[0m[38;2;197;197;197m[48;2;197;197;197m▀[0m[38;2;197;197;197m[48;2;197;197;197m▀[0m[38;2;197;197;197m[48;2;197;197;197m▀[0m[38;2;197;197;197m[48;2;197;197;197m▀[0m[38;2;197;197;197m[48;2;197;197;197m▀[0m[38;2;197;198;196m[48;2;197;198;196m▀[0m[38;2;197;198;196m[48;2;197;198;196m▀[0m[38;2;197;198;196m[48;2;197;198;196m▀[0m[38;2;197;198;196m[48;2;197;198;196m▀[0m[38;2;197;198;196m[48;2;197;198;196m▀[0m[38;2;197;198;196m[48;2;197;198;196m▀[0m[38;2;197;198;196m[48;2;197;198;196m▀[0m[38;2;197;198;196m[48;2;197;198;196m▀[0m[38;2;197;198;196m[48;2;197;198;196m▀[0m[38;2;197;198;196m[48;2;197;198;196m▀[0m[38;2;197;198;196m[48;2;197;198;196m▀[0m[38;2;197;198;196m[48;2;197;198;196m▀[0m[38;2;197;198;196m[48;2;197;198;196m▀[0m[38;2;197;198;196m[48;2;197;198;196m▀[0m[38;2;197;198;196m[48;2;197;198;196m▀[0m[38;2;197;198;196m[48;2;197;198;196m▀[0m[38;2;197;198;196m[48;2;197;198;196m▀[0m[38;2;197;197;197m[48;2;197;197;197m▀[0m[38;2;197;197;197m[48;2;197;197;197m▀[0m[38;2;197;197;197m[48;2;197;197;197m▀[0m[38;2;197;197;197m[48;2;197;197;197m▀[0m[38;2;197;197;197m[48;2;197;197;197m▀[0m[38;2;197;197;197m[48;2;197;197;197m▀[0m[38;2;197;197;197m[48;2;197;197;197m▀[0m[38;2;197;197;197m[48;2;197;197;197m▀[0m[38;2;197;197;197m[48;2;197;197;197m▀[0m[38;2;197;197;197m[48;2;197;197;197m▀[0m[38;2;197;197;197m[48;2;197;197;197m▀[0m[38;2;197;197;197m[48;2;197;197;197m▀[0m[38;2;197;197;197m[48;2;197;197;197m▀[0m[38;2;197;197;197m[48;2;197;197;197m▀[0m[38;2;197;197;197m[48;2;197;197;197m▀[0m[38;2;197;197;197m[48;2;197;197;197m▀[0m[38;2;197;199;197m[48;2;196;198;196m▀[0m[38;2;197;199;197m[48;2;196;198;196m▀[0m[38;2;196;198;196m[48;2;195;197;194m▀[0m[38;2;195;197;194m[48;2;194;196;193m▀[0m[38;2;193;195;192m[48;2;193;195;192m▀[0m[38;2;191;193;190m[48;2;191;193;190m▀[0m[38;2;190;192;189m[48;2;189;191;188m▀[0m[38;2;188;190;187m[48;2;187;189;186m▀[0m[38;2;188;190;187m[48;2;186;188;185m▀[0m[38;2;186;188;185m[48;2;180;182;179m▀[0m[38;2;184;186;183m[48;2;181;183;180m▀[0m[38;2;180;182;179m[48;2;181;183;180m▀[0m[38;2;176;178;175m[48;2;181;183;180m▀[0m[38;2;175;177;174m[48;2;181;183;180m▀[0m[38;2;176;178;175m[48;2;181;183;180m▀[0m[38;2;178;180;177m[48;2;181;183;180m▀[0m[38;2;180;182;179m[48;2;181;183;180m▀[0m[38;2;181;181;183m[48;2;183;183;185m▀[0m[38;2;180;180;182m[48;2;181;181;183m▀[0m[38;2;178;178;178m[48;2;179;179;179m▀[0m[38;2;177;177;177m[48;2;177;177;177m▀[0m[38;2;178;178;178m[48;2;178;178;178m▀[0m[38;2;181;181;181m[48;2;181;181;181m▀[0m[38;2;187;185;183m[48;2;188;186;184m▀[0m[38;2;189;187;185m[48;2;190;188;186m▀[0m[38;2;194;192;190m[48;2;195;193;191m▀[0m
=== END ===

Rendered length: 116313 characters
